Component: ARM Compiler 5.06 update 4 (build 422) Tool: armlink [4d35d2]

==============================================================================

Section Cross References

    system_stm32f10x.o(i.SetSysClock) refers to system_stm32f10x.o(i.SetSysClockTo72) for SetSysClockTo72
    system_stm32f10x.o(i.SystemCoreClockUpdate) refers to system_stm32f10x.o(.data) for SystemCoreClock
    system_stm32f10x.o(i.SystemInit) refers to system_stm32f10x.o(i.SetSysClock) for SetSysClock
    main.o(i.all_init) refers to misc.o(i.NVIC_PriorityGroupConfig) for NVIC_PriorityGroupConfig
    main.o(i.all_init) refers to usart.o(i.uart_init) for uart_init
    main.o(i.all_init) refers to noretval__2printf.o(.text) for __2printf
    main.o(i.all_init) refers to delay.o(i.delay_init) for delay_init
    main.o(i.all_init) refers to oled_i2c.o(i.I2C_Configuration) for I2C_Configuration
    main.o(i.all_init) refers to oled_i2c.o(i.OLED_Init) for OLED_Init
    main.o(i.all_init) refers to led.o(i.LED_Init) for LED_Init
    main.o(i.all_init) refers to adxl345_iic.o(i.Init_ADXL345) for Init_ADXL345
    main.o(i.all_init) refers to key.o(i.KEY_Init) for KEY_Init
    main.o(i.all_init) refers to beep.o(i.BEEP_Init) for BEEP_Init
    main.o(i.all_init) refers to l298p.o(i.L298P_Init) for L298P_Init
    main.o(i.all_init) refers to mq-135.o(i.MQ135_Init) for MQ135_Init
    main.o(i.all_init) refers to 24l01.o(i.NRF24L01_Init) for NRF24L01_Init
    main.o(i.all_init) refers to oled_i2c.o(i.OLED_Fill) for OLED_Fill
    main.o(i.all_init) refers to delay.o(i.delay_ms) for delay_ms
    main.o(i.all_init) refers to 24l01.o(i.NRF24L01_Check) for NRF24L01_Check
    main.o(i.all_init) refers to time.o(i.TIM2_Int_Init) for TIM2_Int_Init
    main.o(i.main) refers to main.o(i.all_init) for all_init
    main.o(i.main) refers to noretval__2printf.o(.text) for __2printf
    main.o(i.main) refers to task.o(i.nrf_task) for nrf_task
    delay.o(i.delay_init) refers to misc.o(i.SysTick_CLKSourceConfig) for SysTick_CLKSourceConfig
    delay.o(i.delay_init) refers to system_stm32f10x.o(.data) for SystemCoreClock
    delay.o(i.delay_init) refers to delay.o(.data) for fac_us
    delay.o(i.delay_ms) refers to delay.o(.data) for fac_ms
    delay.o(i.delay_us) refers to delay.o(.data) for fac_us
    usart.o(i.USART1_IRQHandler) refers (Special) to use_no_semi_2.o(.text) for __use_no_semihosting
    usart.o(i.USART1_IRQHandler) refers to stm32f10x_usart.o(i.USART_GetITStatus) for USART_GetITStatus
    usart.o(i.USART1_IRQHandler) refers to stm32f10x_usart.o(i.USART_ReceiveData) for USART_ReceiveData
    usart.o(i.USART1_IRQHandler) refers to usart.o(.data) for state
    usart.o(i.USART1_IRQHandler) refers to main.o(.data) for usart_key
    usart.o(i._sys_exit) refers (Special) to use_no_semi_2.o(.text) for __use_no_semihosting
    usart.o(i.fputc) refers (Special) to use_no_semi_2.o(.text) for __use_no_semihosting
    usart.o(i.uart_init) refers (Special) to use_no_semi_2.o(.text) for __use_no_semihosting
    usart.o(i.uart_init) refers to stm32f10x_rcc.o(i.RCC_APB2PeriphClockCmd) for RCC_APB2PeriphClockCmd
    usart.o(i.uart_init) refers to stm32f10x_gpio.o(i.GPIO_Init) for GPIO_Init
    usart.o(i.uart_init) refers to misc.o(i.NVIC_Init) for NVIC_Init
    usart.o(i.uart_init) refers to stm32f10x_usart.o(i.USART_Init) for USART_Init
    usart.o(i.uart_init) refers to stm32f10x_usart.o(i.USART_ITConfig) for USART_ITConfig
    usart.o(i.uart_init) refers to stm32f10x_usart.o(i.USART_Cmd) for USART_Cmd
    usart.o(.bss) refers (Special) to use_no_semi_2.o(.text) for __use_no_semihosting
    usart.o(.data) refers (Special) to use_no_semi_2.o(.text) for __use_no_semihosting
    startup_stm32f10x_hd.o(STACK) refers (Special) to heapauxi.o(.text) for __use_two_region_memory
    startup_stm32f10x_hd.o(HEAP) refers (Special) to heapauxi.o(.text) for __use_two_region_memory
    startup_stm32f10x_hd.o(RESET) refers (Special) to heapauxi.o(.text) for __use_two_region_memory
    startup_stm32f10x_hd.o(RESET) refers to startup_stm32f10x_hd.o(STACK) for __initial_sp
    startup_stm32f10x_hd.o(RESET) refers to startup_stm32f10x_hd.o(.text) for Reset_Handler
    startup_stm32f10x_hd.o(RESET) refers to stm32f10x_it.o(i.NMI_Handler) for NMI_Handler
    startup_stm32f10x_hd.o(RESET) refers to stm32f10x_it.o(i.HardFault_Handler) for HardFault_Handler
    startup_stm32f10x_hd.o(RESET) refers to stm32f10x_it.o(i.MemManage_Handler) for MemManage_Handler
    startup_stm32f10x_hd.o(RESET) refers to stm32f10x_it.o(i.BusFault_Handler) for BusFault_Handler
    startup_stm32f10x_hd.o(RESET) refers to stm32f10x_it.o(i.UsageFault_Handler) for UsageFault_Handler
    startup_stm32f10x_hd.o(RESET) refers to stm32f10x_it.o(i.SVC_Handler) for SVC_Handler
    startup_stm32f10x_hd.o(RESET) refers to stm32f10x_it.o(i.DebugMon_Handler) for DebugMon_Handler
    startup_stm32f10x_hd.o(RESET) refers to stm32f10x_it.o(i.PendSV_Handler) for PendSV_Handler
[...]
    Removing stm32f10x_usart.o(i.USART_OneBitMethodCmd), (24 bytes).
    Removing stm32f10x_usart.o(i.USART_OverSampling8Cmd), (22 bytes).
    Removing stm32f10x_usart.o(i.USART_ReceiverWakeUpCmd), (24 bytes).
    Removing stm32f10x_usart.o(i.USART_SendBreak), (10 bytes).
    Removing stm32f10x_usart.o(i.USART_SendData), (8 bytes).
    Removing stm32f10x_usart.o(i.USART_SetAddress), (18 bytes).
    Removing stm32f10x_usart.o(i.USART_SetGuardTime), (16 bytes).
    Removing stm32f10x_usart.o(i.USART_SetPrescaler), (16 bytes).
    Removing stm32f10x_usart.o(i.USART_SmartCardCmd), (24 bytes).
    Removing stm32f10x_usart.o(i.USART_SmartCardNACKCmd), (24 bytes).
    Removing stm32f10x_usart.o(i.USART_StructInit), (24 bytes).
    Removing stm32f10x_usart.o(i.USART_WakeUpConfig), (18 bytes).
    Removing stm32f10x_wwdg.o(i.WWDG_ClearFlag), (12 bytes).
    Removing stm32f10x_wwdg.o(i.WWDG_DeInit), (22 bytes).
    Removing stm32f10x_wwdg.o(i.WWDG_Enable), (16 bytes).
    Removing stm32f10x_wwdg.o(i.WWDG_EnableIT), (12 bytes).
    Removing stm32f10x_wwdg.o(i.WWDG_GetFlagStatus), (12 bytes).
    Removing stm32f10x_wwdg.o(i.WWDG_SetCounter), (16 bytes).
    Removing stm32f10x_wwdg.o(i.WWDG_SetPrescaler), (24 bytes).
    Removing stm32f10x_wwdg.o(i.WWDG_SetWindowValue), (40 bytes).
    Removing adxl345_iic.o(i.Single_Read_ADXL345), (48 bytes).
    Removing oled_i2c.o(i.OLED_CLS), (10 bytes).
    Removing oled_i2c.o(i.OLED_DrawBMP), (116 bytes).
    Removing oled_i2c.o(i.OLED_Num), (152 bytes).
    Removing oled_i2c.o(i.OLED_OFF), (22 bytes).
    Removing oled_i2c.o(i.OLED_ON), (22 bytes).
    Removing oled_i2c.o(i.OLED_ShowCN), (84 bytes).
    Removing oled_i2c.o(i.Shownum), (256 bytes).
    Removing oled_i2c.o(.data), (1152 bytes).
    Removing dht11.o(i.DHT11_Check), (100 bytes).
    Removing dht11.o(i.DHT11_Init), (60 bytes).
    Removing dht11.o(i.DHT11_Read_Bit), (76 bytes).
    Removing dht11.o(i.DHT11_Read_Byte), (30 bytes).
    Removing dht11.o(i.DHT11_Read_Data), (88 bytes).
    Removing dht11.o(i.DHT11_Rst), (64 bytes).
    Removing task.o(i.get_usartctrl), (88 bytes).
    Removing task.o(i.usartCtrl_task), (140 bytes).

447 unused section(s) (total 19376 bytes) removed from the image.

==============================================================================

Image Symbol Table

    Local Symbols

    Symbol Name                              Value     Ov Type        Size  Object(Section)

    ../clib/angel/boardlib.s                 0x00000000   Number         0  boardshut.o ABSOLUTE
    ../clib/angel/boardlib.s                 0x00000000   Number         0  boardinit1.o ABSOLUTE
    ../clib/angel/boardlib.s                 0x00000000   Number         0  boardinit2.o ABSOLUTE
    ../clib/angel/boardlib.s                 0x00000000   Number         0  boardinit3.o ABSOLUTE
    ../clib/angel/handlers.s                 0x00000000   Number         0  __scatter_zi.o ABSOLUTE
    ../clib/angel/handlers.s                 0x00000000   Number         0  __scatter_copy.o ABSOLUTE
    ../clib/angel/kernel.s                   0x00000000   Number         0  __rtentry.o ABSOLUTE
    ../clib/angel/kernel.s                   0x00000000   Number         0  __rtentry2.o ABSOLUTE
    ../clib/angel/kernel.s                   0x00000000   Number         0  __rtentry4.o ABSOLUTE
    ../clib/angel/kernel.s                   0x00000000   Number         0  rtexit2.o ABSOLUTE
    ../clib/angel/kernel.s                   0x00000000   Number         0  rtexit.o ABSOLUTE
    ../clib/angel/rt.s                       0x00000000   Number         0  rt_raise.o ABSOLUTE
    ../clib/angel/scatter.s                  0x00000000   Number         0  __scatter.o ABSOLUTE
    ../clib/angel/startup.s                  0x00000000   Number         0  __main.o ABSOLUTE
    ../clib/angel/sys.s                      0x00000000   Number         0  indicate_semi.o ABSOLUTE
    ../clib/angel/sys.s                      0x00000000   Number         0  use_no_semi_2.o ABSOLUTE
    ../clib/angel/sys.s                      0x00000000   Number         0  use_no_semi.o ABSOLUTE
    ../clib/angel/sys.s                      0x00000000   Number         0  sys_stackheap_outer.o ABSOLUTE
    ../clib/angel/sys.s                      0x00000000   Number         0  libspace.o ABSOLUTE
    ../clib/angel/sysapp.c                   0x00000000   Number         0  sys_command.o ABSOLUTE
    ../clib/angel/sysapp.c                   0x00000000   Number         0  sys_wrch.o ABSOLUTE
    ../clib/armsys.c                         0x00000000   Number         0  _get_argv_nomalloc.o ABSOLUTE
    ../clib/armsys.c                         0x00000000   Number         0  no_argv.o ABSOLUTE
    ../clib/armsys.c                         0x00000000   Number         0  argv_veneer.o ABSOLUTE
    ../clib/armsys.c                         0x00000000   Number         0  argv_veneer.o ABSOLUTE
    ../clib/heapalloc.c                      0x00000000   Number         0  hrguard.o ABSOLUTE
    ../clib/heapaux.c                        0x00000000   Number         0  heapauxi.o ABSOLUTE
    ../clib/libinit.s                        0x00000000   Number         0  libshutdown2.o ABSOLUTE
    ../clib/libinit.s                        0x00000000   Number         0  libshutdown.o ABSOLUTE
    ../clib/libinit.s                        0x00000000   Number         0  libinit.o ABSOLUTE
    ../clib/libinit.s                        0x00000000   Number         0  libinit2.o ABSOLUTE
    ../clib/printf.c                         0x00000000   Number         0  __printf_flags_wp.o ABSOLUTE
    ../clib/printf.c                         0x00000000   Number         0  __printf_wp.o ABSOLUTE
    ../clib/printf.c                         0x00000000   Number         0  __printf_flags_ss.o ABSOLUTE
    ../clib/printf.c                         0x00000000   Number         0  __printf_ss.o ABSOLUTE
    ../clib/printf.c                         0x00000000   Number         0  _printf_dec.o ABSOLUTE
    ../clib/printf.c                         0x00000000   Number         0  __printf.o ABSOLUTE
    ../clib/printf.c                         0x00000000   Number         0  noretval__2printf.o ABSOLUTE
    ../clib/printf.c                         0x00000000   Number         0  _printf_intcommon.o ABSOLUTE
    ../clib/printf.c                         0x00000000   Number         0  __printf_nopercent.o ABSOLUTE
    ../clib/printf.c                         0x00000000   Number         0  __printf_flags.o ABSOLUTE
    ../clib/printf.c                         0x00000000   Number         0  _printf_char_common.o ABSOLUTE
    ../clib/printf.c                         0x00000000   Number         0  _printf_char_file.o ABSOLUTE
    ../clib/printf.c                         0x00000000   Number         0  __2printf.o ABSOLUTE
    ../clib/printf.c                         0x00000000   Number         0  __printf_flags_ss_wp.o ABSOLUTE
    ../clib/printf.c                         0x00000000   Number         0  __printf_ss_wp.o ABSOLUTE
    ../clib/printf_percent.s                 0x00000000   Number         0  _printf_percent_end.o ABSOLUTE
    ../clib/printf_percent.s                 0x00000000   Number         0  _printf_percent.o ABSOLUTE
    ../clib/printf_percent.s                 0x00000000   Number         0  _printf_d.o ABSOLUTE
    ../clib/signal.c                         0x00000000   Number         0  defsig_general.o ABSOLUTE
    ../clib/signal.c                         0x00000000   Number         0  defsig_exit.o ABSOLUTE
    ../clib/signal.c                         0x00000000   Number         0  defsig_abrt_inner.o ABSOLUTE
    ../clib/signal.c                         0x00000000   Number         0  defsig_fpe_inner.o ABSOLUTE
    ../clib/signal.c                         0x00000000   Number         0  defsig_rtred_inner.o ABSOLUTE
    ../clib/signal.c                         0x00000000   Number         0  defsig_stak_inner.o ABSOLUTE
    ../clib/signal.c                         0x00000000   Number         0  defsig_pvfn_inner.o ABSOLUTE
    ../clib/signal.c                         0x00000000   Number         0  defsig_rtmem_outer.o ABSOLUTE
    ../clib/signal.c                         0x00000000   Number         0  defsig_segv_inner.o ABSOLUTE
    ../clib/signal.c                         0x00000000   Number         0  defsig_other.o ABSOLUTE
    ../clib/signal.c                         0x00000000   Number         0  defsig_rtmem_formal.o ABSOLUTE
    ../clib/signal.c                         0x00000000   Number         0  defsig_cppl_inner.o ABSOLUTE
    ../clib/signal.c                         0x00000000   Number         0  defsig_rtmem_inner.o ABSOLUTE
    ../clib/signal.c                         0x00000000   Number         0  __raise.o ABSOLUTE
    ../clib/signal.s                         0x00000000   Number         0  defsig.o ABSOLUTE
    ../clib/stdio.c                          0x00000000   Number         0  ferror_locked.o ABSOLUTE
    ../clib/stdio.c                          0x00000000   Number         0  ferror.o ABSOLUTE
    ../clib/stdlib.c                         0x00000000   Number         0  exit.o ABSOLUTE
    ../fplib/fpinit.s                        0x00000000   Number         0  fpinit.o ABSOLUTE
    ..\CORE\core_cm3.c                       0x00000000   Number         0  core_cm3.o ABSOLUTE
    ..\CORE\startup_stm32f10x_hd.s           0x00000000   Number         0  startup_stm32f10x_hd.o ABSOLUTE
    ..\HARDWARE\ADXL345\ADXL345_IIC.c        0x00000000   Number         0  adxl345_iic.o ABSOLUTE
    ..\HARDWARE\BEEP\BEEP.c                  0x00000000   Number         0  beep.o ABSOLUTE
    ..\HARDWARE\DHT11\DHT11.c                0x00000000   Number         0  dht11.o ABSOLUTE
    ..\HARDWARE\KEY\key.c                    0x00000000   Number         0  key.o ABSOLUTE
    ..\HARDWARE\L298P\L298P.c                0x00000000   Number         0  l298p.o ABSOLUTE
    ..\HARDWARE\LED\led.c                    0x00000000   Number         0  led.o ABSOLUTE
    ..\HARDWARE\MQ-135\MQ-135.c              0x00000000   Number         0  mq-135.o ABSOLUTE
    ..\HARDWARE\Message\message.c            0x00000000   Number         0  message.o ABSOLUTE
    ..\HARDWARE\NRF24L01\24l01.c             0x00000000   Number         0  24l01.o ABSOLUTE
    ..\HARDWARE\OLED\OLED_I2C.c              0x00000000   Number         0  oled_i2c.o ABSOLUTE
    ..\HARDWARE\SPI\spi.c                    0x00000000   Number         0  spi.o ABSOLUTE
    ..\HARDWARE\TASK\TASK.c                  0x00000000   Number         0  task.o ABSOLUTE
    ..\HARDWARE\TIME\time.c                  0x00000000   Number         0  time.o ABSOLUTE
    ..\STM32F10x_FWLib\src\misc.c            0x00000000   Number         0  misc.o ABSOLUTE
    ..\STM32F10x_FWLib\src\stm32f10x_adc.c   0x00000000   Number         0  stm32f10x_adc.o ABSOLUTE
    ..\STM32F10x_FWLib\src\stm32f10x_bkp.c   0x00000000   Number         0  stm32f10x_bkp.o ABSOLUTE
    ..\STM32F10x_FWLib\src\stm32f10x_can.c   0x00000000   Number         0  stm32f10x_can.o ABSOLUTE
    ..\STM32F10x_FWLib\src\stm32f10x_cec.c   0x00000000   Number         0  stm32f10x_cec.o ABSOLUTE
    ..\STM32F10x_FWLib\src\stm32f10x_crc.c   0x00000000   Number         0  stm32f10x_crc.o ABSOLUTE
    ..\STM32F10x_FWLib\src\stm32f10x_dac.c   0x00000000   Number         0  stm32f10x_dac.o ABSOLUTE
    ..\STM32F10x_FWLib\src\stm32f10x_dbgmcu.c 0x00000000   Number         0  stm32f10x_dbgmcu.o ABSOLUTE
    ..\STM32F10x_FWLib\src\stm32f10x_dma.c   0x00000000   Number         0  stm32f10x_dma.o ABSOLUTE
    ..\STM32F10x_FWLib\src\stm32f10x_exti.c  0x00000000   Number         0  stm32f10x_exti.o ABSOLUTE
    ..\STM32F10x_FWLib\src\stm32f10x_flash.c 0x00000000   Number         0  stm32f10x_flash.o ABSOLUTE
    ..\STM32F10x_FWLib\src\stm32f10x_fsmc.c  0x00000000   Number         0  stm32f10x_fsmc.o ABSOLUTE
    ..\STM32F10x_FWLib\src\stm32f10x_gpio.c  0x00000000   Number         0  stm32f10x_gpio.o ABSOLUTE
    ..\STM32F10x_FWLib\src\stm32f10x_i2c.c   0x00000000   Number         0  stm32f10x_i2c.o ABSOLUTE
    ..\STM32F10x_FWLib\src\stm32f10x_iwdg.c  0x00000000   Number         0  stm32f10x_iwdg.o ABSOLUTE
    ..\STM32F10x_FWLib\src\stm32f10x_pwr.c   0x00000000   Number         0  stm32f10x_pwr.o ABSOLUTE
    ..\STM32F10x_FWLib\src\stm32f10x_rcc.c   0x00000000   Number         0  stm32f10x_rcc.o ABSOLUTE
    ..\STM32F10x_FWLib\src\stm32f10x_rtc.c   0x00000000   Number         0  stm32f10x_rtc.o ABSOLUTE
    ..\STM32F10x_FWLib\src\stm32f10x_sdio.c  0x00000000   Number         0  stm32f10x_sdio.o ABSOLUTE
    ..\STM32F10x_FWLib\src\stm32f10x_spi.c   0x00000000   Number         0  stm32f10x_spi.o ABSOLUTE
    ..\STM32F10x_FWLib\src\stm32f10x_tim.c   0x00000000   Number         0  stm32f10x_tim.o ABSOLUTE
    ..\STM32F10x_FWLib\src\stm32f10x_usart.c 0x00000000   Number         0  stm32f10x_usart.o ABSOLUTE
    ..\STM32F10x_FWLib\src\stm32f10x_wwdg.c  0x00000000   Number         0  stm32f10x_wwdg.o ABSOLUTE
    ..\SYSTEM\delay\delay.c                  0x00000000   Number         0  delay.o ABSOLUTE
    ..\SYSTEM\sys\sys.c                      0x00000000   Number         0  sys.o ABSOLUTE
    ..\SYSTEM\usart\usart.c                  0x00000000   Number         0  usart.o ABSOLUTE
    ..\\CORE\\core_cm3.c                     0x00000000   Number         0  core_cm3.o ABSOLUTE
    ..\\SYSTEM\\sys\\sys.c                   0x00000000   Number         0  sys.o ABSOLUTE
    dc.s                                     0x00000000   Number         0  dc.o ABSOLUTE
    main.c                                   0x00000000   Number         0  main.o ABSOLUTE
    stm32f10x_it.c                           0x00000000   Number         0  stm32f10x_it.o ABSOLUTE
    system_stm32f10x.c                       0x00000000   Number         0  system_stm32f10x.o ABSOLUTE
    RESET                                    0x08000000   Section      304  startup_stm32f10x_hd.o(RESET)
    !!!main                                  0x08000130   Section        8  __main.o(!!!main)
    !!!scatter                               0x08000138   Section       52  __scatter.o(!!!scatter)
    !!handler_copy                           0x0800016c   Section       26  __scatter_copy.o(!!handler_copy)
    !!handler_zi                             0x08000188   Section       28  __scatter_zi.o(!!handler_zi)
    .ARM.Collect$$_printf_percent$$00000000  0x080001a4   Section        0  _printf_percent.o(.ARM.Collect$$_printf_percent$$00000000)
    .ARM.Collect$$_printf_percent$$00000009  0x080001a4   Section        6  _printf_d.o(.ARM.Collect$$_printf_percent$$00000009)
    .ARM.Collect$$_printf_percent$$00000017  0x080001aa   Section        4  _printf_percent_end.o(.ARM.Collect$$_printf_percent$$00000017)
    .ARM.Collect$$libinit$$00000000          0x080001ae   Section        2  libinit.o(.ARM.Collect$$libinit$$00000000)
    .ARM.Collect$$libinit$$00000002          0x080001b0   Section        0  libinit2.o(.ARM.Collect$$libinit$$00000002)
    .ARM.Collect$$libinit$$00000004          0x080001b0   Section        0  libinit2.o(.ARM.Collect$$libinit$$00000004)
    .ARM.Collect$$libinit$$0000000A          0x080001b0   Section        0  libinit2.o(.ARM.Collect$$libinit$$0000000A)
    .ARM.Collect$$libinit$$0000000C          0x080001b0   Section        0  libinit2.o(.ARM.Collect$$libinit$$0000000C)
    .ARM.Collect$$libinit$$0000000E          0x080001b0   Section        0  libinit2.o(.ARM.Collect$$libinit$$0000000E)
    .ARM.Collect$$libinit$$00000011          0x080001b0   Section        0  libinit2.o(.ARM.Collect$$libinit$$00000011)
    .ARM.Collect$$libinit$$00000013          0x080001b0   Section        0  libinit2.o(.ARM.Collect$$libinit$$00000013)
    .ARM.Collect$$libinit$$00000015          0x080001b0   Section        0  libinit2.o(.ARM.Collect$$libinit$$00000015)
    .ARM.Collect$$libinit$$00000017          0x080001b0   Section        0  libinit2.o(.ARM.Collect$$libinit$$00000017)
    .ARM.Collect$$libinit$$00000019          0x080001b0   Section        0  libinit2.o(.ARM.Collect$$libinit$$00000019)
    .ARM.Collect$$libinit$$0000001B          0x080001b0   Section        0  libinit2.o(.ARM.Collect$$libinit$$0000001B)
    .ARM.Collect$$libinit$$0000001D          0x080001b0   Section        0  libinit2.o(.ARM.Collect$$libinit$$0000001D)
    .ARM.Collect$$libinit$$0000001F          0x080001b0   Section        0  libinit2.o(.ARM.Collect$$libinit$$0000001F)
    .ARM.Collect$$libinit$$00000021          0x080001b0   Section        0  libinit2.o(.ARM.Collect$$libinit$$00000021)
    .ARM.Collect$$libinit$$00000023          0x080001b0   Section        0  libinit2.o(.ARM.Collect$$libinit$$00000023)
    .ARM.Collect$$libinit$$00000025          0x080001b0   Section        0  libinit2.o(.ARM.Collect$$libinit$$00000025)
    .ARM.Collect$$libinit$$0000002C          0x080001b0   Section        0  libinit2.o(.ARM.Collect$$libinit$$0000002C)
    .ARM.Collect$$libinit$$0000002E          0x080001b0   Section        0  libinit2.o(.ARM.Collect$$libinit$$0000002E)
    .ARM.Collect$$libinit$$00000030          0x080001b0   Section        0  libinit2.o(.ARM.Collect$$libinit$$00000030)
    .ARM.Collect$$libinit$$00000032          0x080001b0   Section        0  libinit2.o(.ARM.Collect$$libinit$$00000032)
    .ARM.Collect$$libinit$$00000033          0x080001b0   Section        2  libinit2.o(.ARM.Collect$$libinit$$00000033)
    .ARM.Collect$$libshutdown$$00000000      0x080001b2   Section        2  libshutdown.o(.ARM.Collect$$libshutdown$$00000000)
    .ARM.Collect$$libshutdown$$00000002      0x080001b4   Section        0  libshutdown2.o(.ARM.Collect$$libshutdown$$00000002)
    .ARM.Collect$$libshutdown$$00000004      0x080001b4   Section        0  libshutdown2.o(.ARM.Collect$$libshutdown$$00000004)
    .ARM.Collect$$libshutdown$$00000007      0x080001b4   Section        0  libshutdown2.o(.ARM.Collect$$libshutdown$$00000007)
    .ARM.Collect$$libshutdown$$0000000A      0x080001b4   Section        0  libshutdown2.o(.ARM.Collect$$libshutdown$$0000000A)
    .ARM.Collect$$libshutdown$$0000000C      0x080001b4   Section        0  libshutdown2.o(.ARM.Collect$$libshutdown$$0000000C)
    .ARM.Collect$$libshutdown$$0000000F      0x080001b4   Section        0  libshutdown2.o(.ARM.Collect$$libshutdown$$0000000F)
    .ARM.Collect$$libshutdown$$00000010      0x080001b4   Section        2  libshutdown2.o(.ARM.Collect$$libshutdown$$00000010)
    .ARM.Collect$$rtentry$$00000000          0x080001b6   Section        0  __rtentry.o(.ARM.Collect$$rtentry$$00000000)
    .ARM.Collect$$rtentry$$00000002          0x080001b6   Section        0  __rtentry2.o(.ARM.Collect$$rtentry$$00000002)
    .ARM.Collect$$rtentry$$00000004          0x080001b6   Section        6  __rtentry4.o(.ARM.Collect$$rtentry$$00000004)
    .ARM.Collect$$rtentry$$00000009          0x080001bc   Section        0  __rtentry2.o(.ARM.Collect$$rtentry$$00000009)
    .ARM.Collect$$rtentry$$0000000A          0x080001bc   Section        4  __rtentry2.o(.ARM.Collect$$rtentry$$0000000A)
    .ARM.Collect$$rtentry$$0000000C          0x080001c0   Section        0  __rtentry2.o(.ARM.Collect$$rtentry$$0000000C)
    .ARM.Collect$$rtentry$$0000000D          0x080001c0   Section        8  __rtentry2.o(.ARM.Collect$$rtentry$$0000000D)
    .ARM.Collect$$rtexit$$00000000           0x080001c8   Section        2  rtexit.o(.ARM.Collect$$rtexit$$00000000)
    .ARM.Collect$$rtexit$$00000002           0x080001ca   Section        0  rtexit2.o(.ARM.Collect$$rtexit$$00000002)
    .ARM.Collect$$rtexit$$00000003           0x080001ca   Section        4  rtexit2.o(.ARM.Collect$$rtexit$$00000003)
    .ARM.Collect$$rtexit$$00000004           0x080001ce   Section        6  rtexit2.o(.ARM.Collect$$rtexit$$00000004)
    .text                                    0x080001d4   Section       64  startup_stm32f10x_hd.o(.text)
    .text                                    0x08000214   Section        2  use_no_semi_2.o(.text)
    .text                                    0x08000218   Section        0  noretval__2printf.o(.text)
    .text                                    0x08000230   Section        0  __printf.o(.text)
    .text                                    0x08000298   Section        0  _printf_dec.o(.text)
    .text                                    0x08000310   Section        0  heapauxi.o(.text)
    .text                                    0x08000316   Section        2  use_no_semi.o(.text)
    .text                                    0x08000318   Section        0  _printf_intcommon.o(.text)
    .text                                    0x080003cc   Section        0  _printf_char_file.o(.text)
    .text                                    0x080003f0   Section        0  _printf_char_common.o(.text)
    _printf_input_char                       0x080003f1   Thumb Code    10  _printf_char_common.o(.text)
    .text                                    0x08000420   Section        0  ferror.o(.text)
    .text                                    0x08000428   Section       74  sys_stackheap_outer.o(.text)
    .text                                    0x08000472   Section        0  exit.o(.text)
    .text                                    0x08000484   Section        8  libspace.o(.text)
    i.ADC_Cmd                                0x0800048c   Section        0  stm32f10x_adc.o(i.ADC_Cmd)
    i.ADC_DeInit                             0x080004a4   Section        0  stm32f10x_adc.o(i.ADC_DeInit)
    i.ADC_GetCalibrationStatus               0x08000500   Section        0  stm32f10x_adc.o(i.ADC_GetCalibrationStatus)
    i.ADC_GetConversionValue                 0x08000514   Section        0  stm32f10x_adc.o(i.ADC_GetConversionValue)
    i.ADC_GetFlagStatus                      0x0800051c   Section        0  stm32f10x_adc.o(i.ADC_GetFlagStatus)
    i.ADC_GetResetCalibrationStatus          0x0800052e   Section        0  stm32f10x_adc.o(i.ADC_GetResetCalibrationStatus)
    i.ADC_Init                               0x08000544   Section        0  stm32f10x_adc.o(i.ADC_Init)
    i.ADC_RegularChannelConfig               0x08000594   Section        0  stm32f10x_adc.o(i.ADC_RegularChannelConfig)
    i.ADC_ResetCalibration                   0x0800064c   Section        0  stm32f10x_adc.o(i.ADC_ResetCalibration)
    i.ADC_SoftwareStartConvCmd               0x08000656   Section        0  stm32f10x_adc.o(i.ADC_SoftwareStartConvCmd)
    i.ADC_StartCalibration                   0x0800066c   Section        0  stm32f10x_adc.o(i.ADC_StartCalibration)
    i.ADXL345_IICAck                         0x08000678   Section        0  adxl345_iic.o(i.ADXL345_IICAck)
    i.ADXL345_IICNAck                        0x080006c8   Section        0  adxl345_iic.o(i.ADXL345_IICNAck)
    i.ADXL345_IICRevAck                      0x08000718   Section        0  adxl345_iic.o(i.ADXL345_IICRevAck)
    i.ADXL345_IICStart                       0x08000760   Section        0  adxl345_iic.o(i.ADXL345_IICStart)
    i.ADXL345_IICStop                        0x080007ac   Section        0  adxl345_iic.o(i.ADXL345_IICStop)
    i.ADXL345_IIC_ReadByte                   0x080007f8   Section        0  adxl345_iic.o(i.ADXL345_IIC_ReadByte)
    i.ADXL345_IIC_SendByte                   0x08000858   Section        0  adxl345_iic.o(i.ADXL345_IIC_SendByte)
    i.BEEP_Init                              0x080008c4   Section        0  beep.o(i.BEEP_Init)
    i.BusFault_Handler                       0x080008f8   Section        0  stm32f10x_it.o(i.BusFault_Handler)
    i.Car_Stop                               0x080008fc   Section        0  l298p.o(i.Car_Stop)
    i.DebugMon_Handler                       0x08000920   Section        0  stm32f10x_it.o(i.DebugMon_Handler)
    i.GO_Back                                0x08000924   Section        0  l298p.o(i.GO_Back)
    i.GO_Forward                             0x0800094c   Section        0  l298p.o(i.GO_Forward)
    i.GPIO_Init                              0x08000974   Section        0  stm32f10x_gpio.o(i.GPIO_Init)
    i.GPIO_PinRemapConfig                    0x08000a8c   Section        0  stm32f10x_gpio.o(i.GPIO_PinRemapConfig)
    i.GPIO_ReadInputDataBit                  0x08000b1c   Section        0  stm32f10x_gpio.o(i.GPIO_ReadInputDataBit)
    i.GPIO_ResetBits                         0x08000b2e   Section        0  stm32f10x_gpio.o(i.GPIO_ResetBits)
    i.GPIO_SetBits                           0x08000b32   Section        0  stm32f10x_gpio.o(i.GPIO_SetBits)
    i.Get_Adc                                0x08000b38   Section        0  mq-135.o(i.Get_Adc)
    i.Get_Adc_Average                        0x08000b6c   Section        0  mq-135.o(i.Get_Adc_Average)
    i.HardFault_Handler                      0x08000b9a   Section        0  stm32f10x_it.o(i.HardFault_Handler)
    i.I2C_CheckEvent                         0x08000b9e   Section        0  stm32f10x_i2c.o(i.I2C_CheckEvent)
    i.I2C_Cmd                                0x08000bc8   Section        0  stm32f10x_i2c.o(i.I2C_Cmd)
    i.I2C_Configuration                      0x08000be0   Section        0  oled_i2c.o(i.I2C_Configuration)
    i.I2C_DeInit                             0x08000c64   Section        0  stm32f10x_i2c.o(i.I2C_DeInit)
    i.I2C_GenerateSTART                      0x08000c9c   Section        0  stm32f10x_i2c.o(i.I2C_GenerateSTART)
    i.I2C_GenerateSTOP                       0x08000cb4   Section        0  stm32f10x_i2c.o(i.I2C_GenerateSTOP)
    i.I2C_GetFlagStatus                      0x08000ccc   Section        0  stm32f10x_i2c.o(i.I2C_GetFlagStatus)
    i.I2C_Init                               0x08000d08   Section        0  stm32f10x_i2c.o(i.I2C_Init)
    i.I2C_Send7bitAddress                    0x08000df4   Section        0  stm32f10x_i2c.o(i.I2C_Send7bitAddress)
    i.I2C_SendData                           0x08000e06   Section        0  stm32f10x_i2c.o(i.I2C_SendData)
    i.I2C_WriteByte                          0x08000e0c   Section        0  oled_i2c.o(i.I2C_WriteByte)
    i.IIC_Init                               0x08000ebc   Section        0  adxl345_iic.o(i.IIC_Init)
    i.Init_ADXL345                           0x08000ef4   Section        0  adxl345_iic.o(i.Init_ADXL345)
    i.KEY_Init                               0x08000f34   Section        0  key.o(i.KEY_Init)
    i.KEY_Scan                               0x08000f70   Section        0  key.o(i.KEY_Scan)
    i.L298P_Init                             0x08001054   Section        0  l298p.o(i.L298P_Init)
    i.LED_Init                               0x08001084   Section        0  led.o(i.LED_Init)
    i.L_Circle                               0x080010d0   Section        0  l298p.o(i.L_Circle)
    i.MQ135_Init                             0x080010f8   Section        0  mq-135.o(i.MQ135_Init)
    i.MemManage_Handler                      0x08001184   Section        0  stm32f10x_it.o(i.MemManage_Handler)
    i.Multiple_read_ADXL345                  0x08001188   Section        0  adxl345_iic.o(i.Multiple_read_ADXL345)
    i.NMI_Handler                            0x0800120c   Section        0  stm32f10x_it.o(i.NMI_Handler)
    i.NRF24L01_Check                         0x08001210   Section        0  24l01.o(i.NRF24L01_Check)
    i.NRF24L01_Init                          0x08001260   Section        0  24l01.o(i.NRF24L01_Init)
    i.NRF24L01_RX_Mode                       0x0800133c   Section        0  24l01.o(i.NRF24L01_RX_Mode)
    i.NRF24L01_Read_Buf                      0x08001394   Section        0  24l01.o(i.NRF24L01_Read_Buf)
    i.NRF24L01_Read_Reg                      0x080013d0   Section        0  24l01.o(i.NRF24L01_Read_Reg)
    i.NRF24L01_RxPacket                      0x080013fc   Section        0  24l01.o(i.NRF24L01_RxPacket)
    i.NRF24L01_TX_Mode                       0x08001438   Section        0  24l01.o(i.NRF24L01_TX_Mode)
    i.NRF24L01_TxPacket                      0x080014a0   Section        0  24l01.o(i.NRF24L01_TxPacket)
    i.NRF24L01_Write_Buf                     0x08001508   Section        0  24l01.o(i.NRF24L01_Write_Buf)
    i.NRF24L01_Write_Reg                     0x08001544   Section        0  24l01.o(i.NRF24L01_Write_Reg)
    i.NVIC_Init                              0x08001574   Section        0  misc.o(i.NVIC_Init)
    i.NVIC_PriorityGroupConfig               0x080015e4   Section        0  misc.o(i.NVIC_PriorityGroupConfig)
    i.OLED_Fill                              0x080015f8   Section        0  oled_i2c.o(i.OLED_Fill)
    i.OLED_Init                              0x08001632   Section        0  oled_i2c.o(i.OLED_Init)
    i.OLED_SetPos                            0x080016e4   Section        0  oled_i2c.o(i.OLED_SetPos)
    i.OLED_ShowStr                           0x0800170c   Section        0  oled_i2c.o(i.OLED_ShowStr)
    i.PendSV_Handler                         0x080017f8   Section        0  stm32f10x_it.o(i.PendSV_Handler)
    i.RCC_ADCCLKConfig                       0x080017fc   Section        0  stm32f10x_rcc.o(i.RCC_ADCCLKConfig)
    i.RCC_APB1PeriphClockCmd                 0x08001814   Section        0  stm32f10x_rcc.o(i.RCC_APB1PeriphClockCmd)
    i.RCC_APB1PeriphResetCmd                 0x08001834   Section        0  stm32f10x_rcc.o(i.RCC_APB1PeriphResetCmd)
    i.RCC_APB2PeriphClockCmd                 0x08001854   Section        0  stm32f10x_rcc.o(i.RCC_APB2PeriphClockCmd)
    i.RCC_APB2PeriphResetCmd                 0x08001874   Section        0  stm32f10x_rcc.o(i.RCC_APB2PeriphResetCmd)
    i.RCC_GetClocksFreq                      0x08001894   Section        0  stm32f10x_rcc.o(i.RCC_GetClocksFreq)
    i.R_Circle                               0x08001968   Section        0  l298p.o(i.R_Circle)
    i.SPI2_Init                              0x08001990   Section        0  spi.o(i.SPI2_Init)
    i.SPI2_ReadWriteByte                     0x08001a24   Section        0  spi.o(i.SPI2_ReadWriteByte)
    i.SPI2_SetSpeed                          0x08001a78   Section        0  spi.o(i.SPI2_SetSpeed)
    i.SPI_Cmd                                0x08001aa0   Section        0  stm32f10x_spi.o(i.SPI_Cmd)
    i.SPI_I2S_GetFlagStatus                  0x08001ab8   Section        0  stm32f10x_spi.o(i.SPI_I2S_GetFlagStatus)
    i.SPI_I2S_ReceiveData                    0x08001aca   Section        0  stm32f10x_spi.o(i.SPI_I2S_ReceiveData)
    i.SPI_I2S_SendData                       0x08001ad0   Section        0  stm32f10x_spi.o(i.SPI_I2S_SendData)
    i.SPI_Init                               0x08001ad4   Section        0  stm32f10x_spi.o(i.SPI_Init)
    i.SVC_Handler                            0x08001b10   Section        0  stm32f10x_it.o(i.SVC_Handler)
    i.SetSysClock                            0x08001b12   Section        0  system_stm32f10x.o(i.SetSysClock)
    SetSysClock                              0x08001b13   Thumb Code     8  system_stm32f10x.o(i.SetSysClock)
    i.SetSysClockTo72                        0x08001b1c   Section        0  system_stm32f10x.o(i.SetSysClockTo72)
    SetSysClockTo72                          0x08001b1d   Thumb Code   214  system_stm32f10x.o(i.SetSysClockTo72)
    i.Single_write_ADXL345                   0x08001bfc   Section        0  adxl345_iic.o(i.Single_write_ADXL345)
    i.SysTick_CLKSourceConfig                0x08001c1e   Section        0  misc.o(i.SysTick_CLKSourceConfig)
    i.SysTick_Handler                        0x08001c46   Section        0  stm32f10x_it.o(i.SysTick_Handler)
    i.SystemInit                             0x08001c48   Section        0  system_stm32f10x.o(i.SystemInit)
    i.TIM2_IRQHandler                        0x08001ca8   Section        0  time.o(i.TIM2_IRQHandler)
    i.TIM2_Int_Init                          0x08001ce4   Section        0  time.o(i.TIM2_Int_Init)
    i.TIM_ClearITPendingBit                  0x08001d40   Section        0  stm32f10x_tim.o(i.TIM_ClearITPendingBit)
    i.TIM_Cmd                                0x08001d46   Section        0  stm32f10x_tim.o(i.TIM_Cmd)
    i.TIM_GetITStatus                        0x08001d5e   Section        0  stm32f10x_tim.o(i.TIM_GetITStatus)
    i.TIM_ITConfig                           0x08001d80   Section        0  stm32f10x_tim.o(i.TIM_ITConfig)
    i.TIM_TimeBaseInit                       0x08001d94   Section        0  stm32f10x_tim.o(i.TIM_TimeBaseInit)
    i.USART1_IRQHandler                      0x08001e38   Section        0  usart.o(i.USART1_IRQHandler)
    i.USART_Cmd                              0x08001f4c   Section        0  stm32f10x_usart.o(i.USART_Cmd)
    i.USART_GetITStatus                      0x08001f64   Section        0  stm32f10x_usart.o(i.USART_GetITStatus)
    i.USART_ITConfig                         0x08001fb8   Section        0  stm32f10x_usart.o(i.USART_ITConfig)
    i.USART_Init                             0x08002004   Section        0  stm32f10x_usart.o(i.USART_Init)
    i.USART_ReceiveData                      0x080020dc   Section        0  stm32f10x_usart.o(i.USART_ReceiveData)
    i.UsageFault_Handler                     0x080020e6   Section        0  stm32f10x_it.o(i.UsageFault_Handler)
    i.WriteCmd                               0x080020ea   Section        0  oled_i2c.o(i.WriteCmd)
    i.WriteDat                               0x080020f8   Section        0  oled_i2c.o(i.WriteDat)
    i._sys_exit                              0x08002106   Section        0  usart.o(i._sys_exit)
    i.all_init                               0x0800210c   Section        0  main.o(i.all_init)
    i.delay_init                             0x08002300   Section        0  delay.o(i.delay_init)
    i.delay_ms                               0x08002344   Section        0  delay.o(i.delay_ms)
    i.delay_us                               0x08002390   Section        0  delay.o(i.delay_us)
    i.fputc                                  0x080023dc   Section        0  usart.o(i.fputc)
    i.get_message                            0x080023f8   Section        0  task.o(i.get_message)
    i.main                                   0x08002424   Section        0  main.o(i.main)
    i.nrf_task                               0x08002448   Section        0  task.o(i.nrf_task)
    i.uart_init                              0x08002b2c   Section        0  usart.o(i.uart_init)
    .constdata                               0x08002bcc   Section     2072  oled_i2c.o(.constdata)
    .constdata                               0x080033e4   Section       10  24l01.o(.constdata)
    .data                                    0x20000000   Section       20  system_stm32f10x.o(.data)
    .data                                    0x20000014   Section        3  main.o(.data)
    .data                                    0x20000018   Section        4  delay.o(.data)
    fac_us                                   0x20000018   Data           1  delay.o(.data)
    fac_ms                                   0x2000001a   Data           2  delay.o(.data)
    .data                                    0x2000001c   Section        9  usart.o(.data)
    state                                    0x20000024   Data           1  usart.o(.data)
    .data                                    0x20000025   Section       20  stm32f10x_rcc.o(.data)
    APBAHBPrescTable                         0x20000025   Data          16  stm32f10x_rcc.o(.data)
    ADCPrescTable                            0x20000035   Data           4  stm32f10x_rcc.o(.data)
    .data                                    0x20000039   Section        1  key.o(.data)
    key_up                                   0x20000039   Data           1  key.o(.data)
    .data                                    0x2000003a   Section       18  task.o(.data)
    .data                                    0x2000004c   Section        6  time.o(.data)
    .bss                                     0x20000054   Section       50  main.o(.bss)
    .bss                                     0x20000088   Section       96  libspace.o(.bss)
    HEAP                                     0x200000e8   Section      512  startup_stm32f10x_hd.o(HEAP)
    Heap_Mem                                 0x200000e8   Data         512  startup_stm32f10x_hd.o(HEAP)
    STACK                                    0x200002e8   Section     1024  startup_stm32f10x_hd.o(STACK)
    Stack_Mem                                0x200002e8   Data        1024  startup_stm32f10x_hd.o(STACK)
    __initial_sp                             0x200006e8   Data           0  startup_stm32f10x_hd.o(STACK)

    Global Symbols

    Symbol Name                              Value     Ov Type        Size  Object(Section)

    BuildAttributes$$THM_ISAv4$P$D$K$B$S$PE$A:L22UL41UL21$X:L11$S22US41US21$IEEE1$IW$USESV6$~STKCKD$USESV7$~SHL$OSPACE$ROPI$EBA8$UX$STANDARDLIB$REQ8$PRES8$EABIv2 0x00000000   Number         0  anon$$obj.o ABSOLUTE
    __ARM_use_no_argv                        0x00000000   Number         0  main.o ABSOLUTE
    __ARM_exceptions_init                     - Undefined Weak Reference
    __alloca_initialize                       - Undefined Weak Reference
    __arm_preinit_                            - Undefined Weak Reference
    __cpp_initialize__aeabi_                  - Undefined Weak Reference
    __cxa_finalize                            - Undefined Weak Reference
    __rt_locale                               - Undefined Weak Reference
    __sigvec_lookup                           - Undefined Weak Reference
    _atexit_init                              - Undefined Weak Reference
    _call_atexit_fns                          - Undefined Weak Reference
    _clock_init                               - Undefined Weak Reference
    _fp_trap_init                             - Undefined Weak Reference
    _fp_trap_shutdown                         - Undefined Weak Reference
    _get_lc_collate                           - Undefined Weak Reference
    _get_lc_ctype                             - Undefined Weak Reference
    _get_lc_monetary                          - Undefined Weak Reference
    _get_lc_numeric                           - Undefined Weak Reference
    _get_lc_time                              - Undefined Weak Reference
    _getenv_init                              - Undefined Weak Reference
    _handle_redirection                       - Undefined Weak Reference
    _init_alloc                               - Undefined Weak Reference
    _init_user_alloc                          - Undefined Weak Reference
    _initio                                   - Undefined Weak Reference
    _mutex_acquire                            - Undefined Weak Reference
    _mutex_release                            - Undefined Weak Reference
    _printf_post_padding                      - Undefined Weak Reference
    _printf_pre_padding                       - Undefined Weak Reference
    _printf_truncate_signed                   - Undefined Weak Reference
    _printf_truncate_unsigned                 - Undefined Weak Reference
    _rand_init                                - Undefined Weak Reference
    _signal_finish                            - Undefined Weak Reference
    _signal_init                              - Undefined Weak Reference
    _terminate_alloc                          - Undefined Weak Reference
    _terminate_user_alloc                     - Undefined Weak Reference
    _terminateio                              - Undefined Weak Reference
    __Vectors_Size                           0x00000130   Number         0  startup_stm32f10x_hd.o ABSOLUTE
    __Vectors                                0x08000000   Data           4  startup_stm32f10x_hd.o(RESET)
    __Vectors_End                            0x08000130   Data           0  startup_stm32f10x_hd.o(RESET)
    __main                                   0x08000131   Thumb Code     8  __main.o(!!!main)
    __scatterload                            0x08000139   Thumb Code     0  __scatter.o(!!!scatter)
    __scatterload_rt2                        0x08000139   Thumb Code    44  __scatter.o(!!!scatter)
    __scatterload_rt2_thumb_only             0x08000139   Thumb Code     0  __scatter.o(!!!scatter)
    __scatterload_null                       0x08000147   Thumb Code     0  __scatter.o(!!!scatter)
    __scatterload_copy                       0x0800016d   Thumb Code    26  __scatter_copy.o(!!handler_copy)
    __scatterload_zeroinit                   0x08000189   Thumb Code    28  __scatter_zi.o(!!handler_zi)
    _printf_d                                0x080001a5   Thumb Code     0  _printf_d.o(.ARM.Collect$$_printf_percent$$00000009)
    _printf_percent                          0x080001a5   Thumb Code     0  _printf_percent.o(.ARM.Collect$$_printf_percent$$00000000)
    _printf_percent_end                      0x080001ab   Thumb Code     0  _printf_percent_end.o(.ARM.Collect$$_printf_percent$$00000017)
    __rt_lib_init                            0x080001af   Thumb Code     0  libinit.o(.ARM.Collect$$libinit$$00000000)
    __rt_lib_init_alloca_1                   0x080001b1   Thumb Code     0  libinit2.o(.ARM.Collect$$libinit$$0000002E)
    __rt_lib_init_argv_1                     0x080001b1   Thumb Code     0  libinit2.o(.ARM.Collect$$libinit$$0000002C)
    __rt_lib_init_atexit_1                   0x080001b1   Thumb Code     0  libinit2.o(.ARM.Collect$$libinit$$0000001B)
    __rt_lib_init_clock_1                    0x080001b1   Thumb Code     0  libinit2.o(.ARM.Collect$$libinit$$00000021)
    __rt_lib_init_cpp_1                      0x080001b1   Thumb Code     0  libinit2.o(.ARM.Collect$$libinit$$00000032)
    __rt_lib_init_exceptions_1               0x080001b1   Thumb Code     0  libinit2.o(.ARM.Collect$$libinit$$00000030)
    __rt_lib_init_fp_1                       0x080001b1   Thumb Code     0  libinit2.o(.ARM.Collect$$libinit$$00000002)
    __rt_lib_init_fp_trap_1                  0x080001b1   Thumb Code     0  libinit2.o(.ARM.Collect$$libinit$$0000001F)
    __rt_lib_init_getenv_1                   0x080001b1   Thumb Code     0  libinit2.o(.ARM.Collect$$libinit$$00000023)
    __rt_lib_init_heap_1                     0x080001b1   Thumb Code     0  libinit2.o(.ARM.Collect$$libinit$$0000000A)
    __rt_lib_init_lc_collate_1               0x080001b1   Thumb Code     0  libinit2.o(.ARM.Collect$$libinit$$00000011)
    __rt_lib_init_lc_ctype_1                 0x080001b1   Thumb Code     0  libinit2.o(.ARM.Collect$$libinit$$00000013)
    __rt_lib_init_lc_monetary_1              0x080001b1   Thumb Code     0  libinit2.o(.ARM.Collect$$libinit$$00000015)
    __rt_lib_init_lc_numeric_1               0x080001b1   Thumb Code     0  libinit2.o(.ARM.Collect$$libinit$$00000017)
    __rt_lib_init_lc_time_1                  0x080001b1   Thumb Code     0  libinit2.o(.ARM.Collect$$libinit$$00000019)
    __rt_lib_init_preinit_1                  0x080001b1   Thumb Code     0  libinit2.o(.ARM.Collect$$libinit$$00000004)
    __rt_lib_init_rand_1                     0x080001b1   Thumb Code     0  libinit2.o(.ARM.Collect$$libinit$$0000000E)
    __rt_lib_init_return                     0x080001b1   Thumb Code     0  libinit2.o(.ARM.Collect$$libinit$$00000033)
    __rt_lib_init_signal_1                   0x080001b1   Thumb Code     0  libinit2.o(.ARM.Collect$$libinit$$0000001D)
    __rt_lib_init_stdio_1                    0x080001b1   Thumb Code     0  libinit2.o(.ARM.Collect$$libinit$$00000025)
    __rt_lib_init_user_alloc_1               0x080001b1   Thumb Code     0  libinit2.o(.ARM.Collect$$libinit$$0000000C)
    __rt_lib_shutdown                        0x080001b3   Thumb Code     0  libshutdown.o(.ARM.Collect$$libshutdown$$00000000)
    __rt_lib_shutdown_cpp_1                  0x080001b5   Thumb Code     0  libshutdown2.o(.ARM.Collect$$libshutdown$$00000002)
    __rt_lib_shutdown_fp_trap_1              0x080001b5   Thumb Code     0  libshutdown2.o(.ARM.Collect$$libshutdown$$00000007)
    __rt_lib_shutdown_heap_1                 0x080001b5   Thumb Code     0  libshutdown2.o(.ARM.Collect$$libshutdown$$0000000F)
    __rt_lib_shutdown_return                 0x080001b5   Thumb Code     0  libshutdown2.o(.ARM.Collect$$libshutdown$$00000010)
    __rt_lib_shutdown_signal_1               0x080001b5   Thumb Code     0  libshutdown2.o(.ARM.Collect$$libshutdown$$0000000A)
    __rt_lib_shutdown_stdio_1                0x080001b5   Thumb Code     0  libshutdown2.o(.ARM.Collect$$libshutdown$$00000004)
    __rt_lib_shutdown_user_alloc_1           0x080001b5   Thumb Code     0  libshutdown2.o(.ARM.Collect$$libshutdown$$0000000C)
    __rt_entry                               0x080001b7   Thumb Code     0  __rtentry.o(.ARM.Collect$$rtentry$$00000000)
    __rt_entry_presh_1                       0x080001b7   Thumb Code     0  __rtentry2.o(.ARM.Collect$$rtentry$$00000002)
    __rt_entry_sh                            0x080001b7   Thumb Code     0  __rtentry4.o(.ARM.Collect$$rtentry$$00000004)
    __rt_entry_li                            0x080001bd   Thumb Code     0  __rtentry2.o(.ARM.Collect$$rtentry$$0000000A)
    __rt_entry_postsh_1                      0x080001bd   Thumb Code     0  __rtentry2.o(.ARM.Collect$$rtentry$$00000009)
    __rt_entry_main                          0x080001c1   Thumb Code     0  __rtentry2.o(.ARM.Collect$$rtentry$$0000000D)
    __rt_entry_postli_1                      0x080001c1   Thumb Code     0  __rtentry2.o(.ARM.Collect$$rtentry$$0000000C)
    __rt_exit                                0x080001c9   Thumb Code     0  rtexit.o(.ARM.Collect$$rtexit$$00000000)
    __rt_exit_ls                             0x080001cb   Thumb Code     0  rtexit2.o(.ARM.Collect$$rtexit$$00000003)
    __rt_exit_prels_1                        0x080001cb   Thumb Code     0  rtexit2.o(.ARM.Collect$$rtexit$$00000002)
    __rt_exit_exit                           0x080001cf   Thumb Code     0  rtexit2.o(.ARM.Collect$$rtexit$$00000004)
    Reset_Handler                            0x080001d5   Thumb Code     8  startup_stm32f10x_hd.o(.text)
    ADC1_2_IRQHandler                        0x080001ef   Thumb Code     0  startup_stm32f10x_hd.o(.text)
    ADC3_IRQHandler                          0x080001ef   Thumb Code     0  startup_stm32f10x_hd.o(.text)
    CAN1_RX1_IRQHandler                      0x080001ef   Thumb Code     0  startup_stm32f10x_hd.o(.text)
    CAN1_SCE_IRQHandler                      0x080001ef   Thumb Code     0  startup_stm32f10x_hd.o(.text)
    DMA1_Channel1_IRQHandler                 0x080001ef   Thumb Code     0  startup_stm32f10x_hd.o(.text)
    DMA1_Channel2_IRQHandler                 0x080001ef   Thumb Code     0  startup_stm32f10x_hd.o(.text)
    DMA1_Channel3_IRQHandler                 0x080001ef   Thumb Code     0  startup_stm32f10x_hd.o(.text)
    DMA1_Channel4_IRQHandler                 0x080001ef   Thumb Code     0  startup_stm32f10x_hd.o(.text)
    DMA1_Channel5_IRQHandler                 0x080001ef   Thumb Code     0  startup_stm32f10x_hd.o(.text)
    DMA1_Channel6_IRQHandler                 0x080001ef   Thumb Code     0  startup_stm32f10x_hd.o(.text)
    DMA1_Channel7_IRQHandler                 0x080001ef   Thumb Code     0  startup_stm32f10x_hd.o(.text)
    DMA2_Channel1_IRQHandler                 0x080001ef   Thumb Code     0  startup_stm32f10x_hd.o(.text)
    DMA2_Channel2_IRQHandler                 0x080001ef   Thumb Code     0  startup_stm32f10x_hd.o(.text)
    DMA2_Channel3_IRQHandler                 0x080001ef   Thumb Code     0  startup_stm32f10x_hd.o(.text)
    DMA2_Channel4_5_IRQHandler               0x080001ef   Thumb Code     0  startup_stm32f10x_hd.o(.text)
    EXTI0_IRQHandler                         0x080001ef   Thumb Code     0  startup_stm32f10x_hd.o(.text)
    EXTI15_10_IRQHandler                     0x080001ef   Thumb Code     0  startup_stm32f10x_hd.o(.text)
    EXTI1_IRQHandler                         0x080001ef   Thumb Code     0  startup_stm32f10x_hd.o(.text)
    EXTI2_IRQHandler                         0x080001ef   Thumb Code     0  startup_stm32f10x_hd.o(.text)
    EXTI3_IRQHandler                         0x080001ef   Thumb Code     0  startup_stm32f10x_hd.o(.text)
    EXTI4_IRQHandler                         0x080001ef   Thumb Code     0  startup_stm32f10x_hd.o(.text)
    EXTI9_5_IRQHandler                       0x080001ef   Thumb Code     0  startup_stm32f10x_hd.o(.text)
    FLASH_IRQHandler                         0x080001ef   Thumb Code     0  startup_stm32f10x_hd.o(.text)
    FSMC_IRQHandler                          0x080001ef   Thumb Code     0  startup_stm32f10x_hd.o(.text)
    I2C1_ER_IRQHandler                       0x080001ef   Thumb Code     0  startup_stm32f10x_hd.o(.text)
    I2C1_EV_IRQHandler                       0x080001ef   Thumb Code     0  startup_stm32f10x_hd.o(.text)
    I2C2_ER_IRQHandler                       0x080001ef   Thumb Code     0  startup_stm32f10x_hd.o(.text)
    I2C2_EV_IRQHandler                       0x080001ef   Thumb Code     0  startup_stm32f10x_hd.o(.text)
    PVD_IRQHandler                           0x080001ef   Thumb Code     0  startup_stm32f10x_hd.o(.text)
    RCC_IRQHandler                           0x080001ef   Thumb Code     0  startup_stm32f10x_hd.o(.text)
    RTCAlarm_IRQHandler                      0x080001ef   Thumb Code     0  startup_stm32f10x_hd.o(.text)
    RTC_IRQHandler                           0x080001ef   Thumb Code     0  startup_stm32f10x_hd.o(.text)
    SDIO_IRQHandler                          0x080001ef   Thumb Code     0  startup_stm32f10x_hd.o(.text)
    SPI1_IRQHandler                          0x080001ef   Thumb Code     0  startup_stm32f10x_hd.o(.text)
    SPI2_IRQHandler                          0x080001ef   Thumb Code     0  startup_stm32f10x_hd.o(.text)
    SPI3_IRQHandler                          0x080001ef   Thumb Code     0  startup_stm32f10x_hd.o(.text)
    TAMPER_IRQHandler                        0x080001ef   Thumb Code     0  startup_stm32f10x_hd.o(.text)
    TIM1_BRK_IRQHandler                      0x080001ef   Thumb Code     0  startup_stm32f10x_hd.o(.text)
    TIM1_CC_IRQHandler                       0x080001ef   Thumb Code     0  startup_stm32f10x_hd.o(.text)
    TIM1_TRG_COM_IRQHandler                  0x080001ef   Thumb Code     0  startup_stm32f10x_hd.o(.text)
    TIM1_UP_IRQHandler                       0x080001ef   Thumb Code     0  startup_stm32f10x_hd.o(.text)
    TIM3_IRQHandler                          0x080001ef   Thumb Code     0  startup_stm32f10x_hd.o(.text)
    TIM4_IRQHandler                          0x080001ef   Thumb Code     0  startup_stm32f10x_hd.o(.text)
    TIM5_IRQHandler                          0x080001ef   Thumb Code     0  startup_stm32f10x_hd.o(.text)
    TIM6_IRQHandler                          0x080001ef   Thumb Code     0  startup_stm32f10x_hd.o(.text)
    TIM7_IRQHandler                          0x080001ef   Thumb Code     0  startup_stm32f10x_hd.o(.text)
    TIM8_BRK_IRQHandler                      0x080001ef   Thumb Code     0  startup_stm32f10x_hd.o(.text)
    TIM8_CC_IRQHandler                       0x080001ef   Thumb Code     0  startup_stm32f10x_hd.o(.text)
    TIM8_TRG_COM_IRQHandler                  0x080001ef   Thumb Code     0  startup_stm32f10x_hd.o(.text)
    TIM8_UP_IRQHandler                       0x080001ef   Thumb Code     0  startup_stm32f10x_hd.o(.text)
    UART4_IRQHandler                         0x080001ef   Thumb Code     0  startup_stm32f10x_hd.o(.text)
    UART5_IRQHandler                         0x080001ef   Thumb Code     0  startup_stm32f10x_hd.o(.text)
    USART2_IRQHandler                        0x080001ef   Thumb Code     0  startup_stm32f10x_hd.o(.text)
    USART3_IRQHandler                        0x080001ef   Thumb Code     0  startup_stm32f10x_hd.o(.text)
    USBWakeUp_IRQHandler                     0x080001ef   Thumb Code     0  startup_stm32f10x_hd.o(.text)
    USB_HP_CAN1_TX_IRQHandler                0x080001ef   Thumb Code     0  startup_stm32f10x_hd.o(.text)
    USB_LP_CAN1_RX0_IRQHandler               0x080001ef   Thumb Code     0  startup_stm32f10x_hd.o(.text)
    WWDG_IRQHandler                          0x080001ef   Thumb Code     0  startup_stm32f10x_hd.o(.text)
    __user_initial_stackheap                 0x080001f1   Thumb Code     0  startup_stm32f10x_hd.o(.text)
    __use_no_semihosting                     0x08000215   Thumb Code     2  use_no_semi_2.o(.text)
    __2printf                                0x08000219   Thumb Code    20  noretval__2printf.o(.text)
    __printf                                 0x08000231   Thumb Code   104  __printf.o(.text)
    _printf_int_dec                          0x08000299   Thumb Code   104  _printf_dec.o(.text)
    __use_two_region_memory                  0x08000311   Thumb Code     2  heapauxi.o(.text)
    __rt_heap_escrow$2region                 0x08000313   Thumb Code     2  heapauxi.o(.text)
    __rt_heap_expand$2region                 0x08000315   Thumb Code     2  heapauxi.o(.text)
    __I$use$semihosting                      0x08000317   Thumb Code     0  use_no_semi.o(.text)
    __use_no_semihosting_swi                 0x08000317   Thumb Code     2  use_no_semi.o(.text)
    _printf_int_common                       0x08000319   Thumb Code   178  _printf_intcommon.o(.text)
    _printf_char_file                        0x080003cd   Thumb Code    32  _printf_char_file.o(.text)
    _printf_char_common                      0x080003fb   Thumb Code    32  _printf_char_common.o(.text)
    ferror                                   0x08000421   Thumb Code     8  ferror.o(.text)
    __user_setup_stackheap                   0x08000429   Thumb Code    74  sys_stackheap_outer.o(.text)
    exit                                     0x08000473   Thumb Code    18  exit.o(.text)
    __user_libspace                          0x08000485   Thumb Code     8  libspace.o(.text)
    __user_perproc_libspace                  0x08000485   Thumb Code     0  libspace.o(.text)
    __user_perthread_libspace                0x08000485   Thumb Code     0  libspace.o(.text)
    ADC_Cmd                                  0x0800048d   Thumb Code    22  stm32f10x_adc.o(i.ADC_Cmd)
    ADC_DeInit                               0x080004a5   Thumb Code    78  stm32f10x_adc.o(i.ADC_DeInit)
    ADC_GetCalibrationStatus                 0x08000501   Thumb Code    20  stm32f10x_adc.o(i.ADC_GetCalibrationStatus)
    ADC_GetConversionValue                   0x08000515   Thumb Code     8  stm32f10x_adc.o(i.ADC_GetConversionValue)
    ADC_GetFlagStatus                        0x0800051d   Thumb Code    18  stm32f10x_adc.o(i.ADC_GetFlagStatus)
    ADC_GetResetCalibrationStatus            0x0800052f   Thumb Code    20  stm32f10x_adc.o(i.ADC_GetResetCalibrationStatus)
    ADC_Init                                 0x08000545   Thumb Code    70  stm32f10x_adc.o(i.ADC_Init)
    ADC_RegularChannelConfig                 0x08000595   Thumb Code   184  stm32f10x_adc.o(i.ADC_RegularChannelConfig)
    ADC_ResetCalibration                     0x0800064d   Thumb Code    10  stm32f10x_adc.o(i.ADC_ResetCalibration)
    ADC_SoftwareStartConvCmd                 0x08000657   Thumb Code    22  stm32f10x_adc.o(i.ADC_SoftwareStartConvCmd)
    ADC_StartCalibration                     0x0800066d   Thumb Code    10  stm32f10x_adc.o(i.ADC_StartCalibration)
    ADXL345_IICAck                           0x08000679   Thumb Code    66  adxl345_iic.o(i.ADXL345_IICAck)
    ADXL345_IICNAck                          0x080006c9   Thumb Code    66  adxl345_iic.o(i.ADXL345_IICNAck)
    ADXL345_IICRevAck                        0x08000719   Thumb Code    60  adxl345_iic.o(i.ADXL345_IICRevAck)
    ADXL345_IICStart                         0x08000761   Thumb Code    64  adxl345_iic.o(i.ADXL345_IICStart)
    ADXL345_IICStop                          0x080007ad   Thumb Code    62  adxl345_iic.o(i.ADXL345_IICStop)
    ADXL345_IIC_ReadByte                     0x080007f9   Thumb Code    84  adxl345_iic.o(i.ADXL345_IIC_ReadByte)
    ADXL345_IIC_SendByte                     0x08000859   Thumb Code    94  adxl345_iic.o(i.ADXL345_IIC_SendByte)
    BEEP_Init                                0x080008c5   Thumb Code    44  beep.o(i.BEEP_Init)
    BusFault_Handler                         0x080008f9   Thumb Code     4  stm32f10x_it.o(i.BusFault_Handler)
    Car_Stop                                 0x080008fd   Thumb Code    26  l298p.o(i.Car_Stop)
    DebugMon_Handler                         0x08000921   Thumb Code     2  stm32f10x_it.o(i.DebugMon_Handler)
    GO_Back                                  0x08000925   Thumb Code    32  l298p.o(i.GO_Back)
    GO_Forward                               0x0800094d   Thumb Code    32  l298p.o(i.GO_Forward)
    GPIO_Init                                0x08000975   Thumb Code   278  stm32f10x_gpio.o(i.GPIO_Init)
    GPIO_PinRemapConfig                      0x08000a8d   Thumb Code   138  stm32f10x_gpio.o(i.GPIO_PinRemapConfig)
    GPIO_ReadInputDataBit                    0x08000b1d   Thumb Code    18  stm32f10x_gpio.o(i.GPIO_ReadInputDataBit)
    GPIO_ResetBits                           0x08000b2f   Thumb Code     4  stm32f10x_gpio.o(i.GPIO_ResetBits)
    GPIO_SetBits                             0x08000b33   Thumb Code     4  stm32f10x_gpio.o(i.GPIO_SetBits)
    Get_Adc                                  0x08000b39   Thumb Code    46  mq-135.o(i.Get_Adc)
    Get_Adc_Average                          0x08000b6d   Thumb Code    46  mq-135.o(i.Get_Adc_Average)
    HardFault_Handler                        0x08000b9b   Thumb Code     4  stm32f10x_it.o(i.HardFault_Handler)
    I2C_CheckEvent                           0x08000b9f   Thumb Code    42  stm32f10x_i2c.o(i.I2C_CheckEvent)
    I2C_Cmd                                  0x08000bc9   Thumb Code    24  stm32f10x_i2c.o(i.I2C_Cmd)
    I2C_Configuration                        0x08000be1   Thumb Code   120  oled_i2c.o(i.I2C_Configuration)
    I2C_DeInit                               0x08000c65   Thumb Code    50  stm32f10x_i2c.o(i.I2C_DeInit)
    I2C_GenerateSTART                        0x08000c9d   Thumb Code    24  stm32f10x_i2c.o(i.I2C_GenerateSTART)
    I2C_GenerateSTOP                         0x08000cb5   Thumb Code    24  stm32f10x_i2c.o(i.I2C_GenerateSTOP)
    I2C_GetFlagStatus                        0x08000ccd   Thumb Code    58  stm32f10x_i2c.o(i.I2C_GetFlagStatus)
    I2C_Init                                 0x08000d09   Thumb Code   222  stm32f10x_i2c.o(i.I2C_Init)
    I2C_Send7bitAddress                      0x08000df5   Thumb Code    18  stm32f10x_i2c.o(i.I2C_Send7bitAddress)
    I2C_SendData                             0x08000e07   Thumb Code     4  stm32f10x_i2c.o(i.I2C_SendData)
    I2C_WriteByte                            0x08000e0d   Thumb Code   142  oled_i2c.o(i.I2C_WriteByte)
    IIC_Init                                 0x08000ebd   Thumb Code    52  adxl345_iic.o(i.IIC_Init)
    Init_ADXL345                             0x08000ef5   Thumb Code    64  adxl345_iic.o(i.Init_ADXL345)
    KEY_Init                                 0x08000f35   Thumb Code    52  key.o(i.KEY_Init)
    KEY_Scan                                 0x08000f71   Thumb Code   220  key.o(i.KEY_Scan)
    L298P_Init                               0x08001055   Thumb Code    42  l298p.o(i.L298P_Init)
    LED_Init                                 0x08001085   Thumb Code    68  led.o(i.LED_Init)
    L_Circle                                 0x080010d1   Thumb Code    30  l298p.o(i.L_Circle)
    MQ135_Init                               0x080010f9   Thumb Code   132  mq-135.o(i.MQ135_Init)
    MemManage_Handler                        0x08001185   Thumb Code     4  stm32f10x_it.o(i.MemManage_Handler)
    Multiple_read_ADXL345                    0x08001189   Thumb Code   128  adxl345_iic.o(i.Multiple_read_ADXL345)
    NMI_Handler                              0x0800120d   Thumb Code     2  stm32f10x_it.o(i.NMI_Handler)
    NRF24L01_Check                           0x08001211   Thumb Code    72  24l01.o(i.NRF24L01_Check)
    NRF24L01_Init                            0x08001261   Thumb Code   198  24l01.o(i.NRF24L01_Init)
    NRF24L01_RX_Mode                         0x0800133d   Thumb Code    76  24l01.o(i.NRF24L01_RX_Mode)
    NRF24L01_Read_Buf                        0x08001395   Thumb Code    56  24l01.o(i.NRF24L01_Read_Buf)
    NRF24L01_Read_Reg                        0x080013d1   Thumb Code    36  24l01.o(i.NRF24L01_Read_Reg)
    NRF24L01_RxPacket                        0x080013fd   Thumb Code    58  24l01.o(i.NRF24L01_RxPacket)
    NRF24L01_TX_Mode                         0x08001439   Thumb Code    86  24l01.o(i.NRF24L01_TX_Mode)
    NRF24L01_TxPacket                        0x080014a1   Thumb Code    94  24l01.o(i.NRF24L01_TxPacket)
    NRF24L01_Write_Buf                       0x08001509   Thumb Code    56  24l01.o(i.NRF24L01_Write_Buf)
    NRF24L01_Write_Reg                       0x08001545   Thumb Code    38  24l01.o(i.NRF24L01_Write_Reg)
    NVIC_Init                                0x08001575   Thumb Code   100  misc.o(i.NVIC_Init)
    NVIC_PriorityGroupConfig                 0x080015e5   Thumb Code    10  misc.o(i.NVIC_PriorityGroupConfig)
    OLED_Fill                                0x080015f9   Thumb Code    58  oled_i2c.o(i.OLED_Fill)
    OLED_Init                                0x08001633   Thumb Code   178  oled_i2c.o(i.OLED_Init)
    OLED_SetPos                              0x080016e5   Thumb Code    40  oled_i2c.o(i.OLED_SetPos)
    OLED_ShowStr                             0x0800170d   Thumb Code   228  oled_i2c.o(i.OLED_ShowStr)
    PendSV_Handler                           0x080017f9   Thumb Code     2  stm32f10x_it.o(i.PendSV_Handler)
    RCC_ADCCLKConfig                         0x080017fd   Thumb Code    18  stm32f10x_rcc.o(i.RCC_ADCCLKConfig)
    RCC_APB1PeriphClockCmd                   0x08001815   Thumb Code    26  stm32f10x_rcc.o(i.RCC_APB1PeriphClockCmd)
    RCC_APB1PeriphResetCmd                   0x08001835   Thumb Code    26  stm32f10x_rcc.o(i.RCC_APB1PeriphResetCmd)
    RCC_APB2PeriphClockCmd                   0x08001855   Thumb Code    26  stm32f10x_rcc.o(i.RCC_APB2PeriphClockCmd)
    RCC_APB2PeriphResetCmd                   0x08001875   Thumb Code    26  stm32f10x_rcc.o(i.RCC_APB2PeriphResetCmd)
    RCC_GetClocksFreq                        0x08001895   Thumb Code   192  stm32f10x_rcc.o(i.RCC_GetClocksFreq)
    R_Circle                                 0x08001969   Thumb Code    30  l298p.o(i.R_Circle)
    SPI2_Init                                0x08001991   Thumb Code   140  spi.o(i.SPI2_Init)
    SPI2_ReadWriteByte                       0x08001a25   Thumb Code    78  spi.o(i.SPI2_ReadWriteByte)
    SPI2_SetSpeed                            0x08001a79   Thumb Code    36  spi.o(i.SPI2_SetSpeed)
    SPI_Cmd                                  0x08001aa1   Thumb Code    24  stm32f10x_spi.o(i.SPI_Cmd)
    SPI_I2S_GetFlagStatus                    0x08001ab9   Thumb Code    18  stm32f10x_spi.o(i.SPI_I2S_GetFlagStatus)
    SPI_I2S_ReceiveData                      0x08001acb   Thumb Code     6  stm32f10x_spi.o(i.SPI_I2S_ReceiveData)
    SPI_I2S_SendData                         0x08001ad1   Thumb Code     4  stm32f10x_spi.o(i.SPI_I2S_SendData)
    SPI_Init                                 0x08001ad5   Thumb Code    60  stm32f10x_spi.o(i.SPI_Init)
    SVC_Handler                              0x08001b11   Thumb Code     2  stm32f10x_it.o(i.SVC_Handler)
    Single_write_ADXL345                     0x08001bfd   Thumb Code    34  adxl345_iic.o(i.Single_write_ADXL345)
    SysTick_CLKSourceConfig                  0x08001c1f   Thumb Code    40  misc.o(i.SysTick_CLKSourceConfig)
    SysTick_Handler                          0x08001c47   Thumb Code     2  stm32f10x_it.o(i.SysTick_Handler)
    SystemInit                               0x08001c49   Thumb Code    78  system_stm32f10x.o(i.SystemInit)
    TIM2_IRQHandler                          0x08001ca9   Thumb Code    56  time.o(i.TIM2_IRQHandler)
    TIM2_Int_Init                            0x08001ce5   Thumb Code    92  time.o(i.TIM2_Int_Init)
    TIM_ClearITPendingBit                    0x08001d41   Thumb Code     6  stm32f10x_tim.o(i.TIM_ClearITPendingBit)
    TIM_Cmd                                  0x08001d47   Thumb Code    24  stm32f10x_tim.o(i.TIM_Cmd)
    TIM_GetITStatus                          0x08001d5f   Thumb Code    34  stm32f10x_tim.o(i.TIM_GetITStatus)
    TIM_ITConfig                             0x08001d81   Thumb Code    18  stm32f10x_tim.o(i.TIM_ITConfig)
    TIM_TimeBaseInit                         0x08001d95   Thumb Code   122  stm32f10x_tim.o(i.TIM_TimeBaseInit)
    USART1_IRQHandler                        0x08001e39   Thumb Code   260  usart.o(i.USART1_IRQHandler)
    USART_Cmd                                0x08001f4d   Thumb Code    24  stm32f10x_usart.o(i.USART_Cmd)
    USART_GetITStatus                        0x08001f65   Thumb Code    84  stm32f10x_usart.o(i.USART_GetITStatus)
    USART_ITConfig                           0x08001fb9   Thumb Code    74  stm32f10x_usart.o(i.USART_ITConfig)
    USART_Init                               0x08002005   Thumb Code   210  stm32f10x_usart.o(i.USART_Init)
    USART_ReceiveData                        0x080020dd   Thumb Code    10  stm32f10x_usart.o(i.USART_ReceiveData)
    UsageFault_Handler                       0x080020e7   Thumb Code     4  stm32f10x_it.o(i.UsageFault_Handler)
    WriteCmd                                 0x080020eb   Thumb Code    14  oled_i2c.o(i.WriteCmd)
    WriteDat                                 0x080020f9   Thumb Code    14  oled_i2c.o(i.WriteDat)
    _sys_exit                                0x08002107   Thumb Code     6  usart.o(i._sys_exit)
    all_init                                 0x0800210d   Thumb Code   214  main.o(i.all_init)
    delay_init                               0x08002301   Thumb Code    50  delay.o(i.delay_init)
    delay_ms                                 0x08002345   Thumb Code    72  delay.o(i.delay_ms)
    delay_us                                 0x08002391   Thumb Code    72  delay.o(i.delay_us)
    fputc                                    0x080023dd   Thumb Code    24  usart.o(i.fputc)
    get_message                              0x080023f9   Thumb Code    38  task.o(i.get_message)
    main                                     0x08002425   Thumb Code    18  main.o(i.main)
    nrf_task                                 0x08002449   Thumb Code  1670  task.o(i.nrf_task)
    uart_init                                0x08002b2d   Thumb Code   152  usart.o(i.uart_init)
    F6x8                                     0x08002bcc   Data         552  oled_i2c.o(.constdata)
    F8X16                                    0x08002df4   Data        1520  oled_i2c.o(.constdata)
    TX_ADDRESS                               0x080033e4   Data           5  24l01.o(.constdata)
    RX_ADDRESS                               0x080033e9   Data           5  24l01.o(.constdata)
    Region$$Table$$Base                      0x080033f0   Number         0  anon$$obj.o(Region$$Table)
    Region$$Table$$Limit                     0x08003410   Number         0  anon$$obj.o(Region$$Table)
    SystemCoreClock                          0x20000000   Data           4  system_stm32f10x.o(.data)
    AHBPrescTable                            0x20000004   Data          16  system_stm32f10x.o(.data)
    usart_key                                0x20000014   Data           1  main.o(.data)
    key                                      0x20000015   Data           1  main.o(.data)
    mode                                     0x20000016   Data           1  main.o(.data)
    __stdout                                 0x2000001c   Data           4  usart.o(.data)
    usart_ctrl                               0x20000020   Data           1  usart.o(.data)
    USART_RX_STA                             0x20000022   Data           2  usart.o(.data)
    usart_buf                                0x2000003a   Data          18  task.o(.data)
    Task_Delay                               0x2000004c   Data           6  time.o(.data)
    CarMessage_My                            0x20000054   Data          18  main.o(.bss)
    CarMessage_1                             0x20000066   Data          18  main.o(.bss)
    nrf_buf                                  0x20000078   Data          14  main.o(.bss)
    __libspace_start                         0x20000088   Data          96  libspace.o(.bss)
    __temporary_stack_top$libspace           0x200000e8   Data           0  libspace.o(.bss)



==============================================================================

Memory Map of the image

  Image Entry point : 0x080001d5

  Load Region LR_1 (Base: 0x08000000, Size: 0x00003464, Max: 0xffffffff, ABSOLUTE)

    Execution Region ER_RO (Base: 0x08000000, Size: 0x00003410, Max: 0xffffffff, ABSOLUTE)

    Base Addr    Size         Type   Attr      Idx    E Section Name        Object

    0x08000000   0x00000130   Data   RO          394    RESET               startup_stm32f10x_hd.o
    0x08000130   0x00000008   Code   RO         3899  * !!!main             c_w.l(__main.o)
    0x08000138   0x00000034   Code   RO         4067    !!!scatter          c_w.l(__scatter.o)
    0x0800016c   0x0000001a   Code   RO         4069    !!handler_copy      c_w.l(__scatter_copy.o)
    0x08000186   0x00000002   PAD
    0x08000188   0x0000001c   Code   RO         4071    !!handler_zi        c_w.l(__scatter_zi.o)
    0x080001a4   0x00000000   Code   RO         3896    .ARM.Collect$$_printf_percent$$00000000  c_w.l(_printf_percent.o)
    0x080001a4   0x00000006   Code   RO         3895    .ARM.Collect$$_printf_percent$$00000009  c_w.l(_printf_d.o)
    0x080001aa   0x00000004   Code   RO         3908    .ARM.Collect$$_printf_percent$$00000017  c_w.l(_printf_percent_end.o)
    0x080001ae   0x00000002   Code   RO         3941    .ARM.Collect$$libinit$$00000000  c_w.l(libinit.o)
    0x080001b0   0x00000000   Code   RO         3948    .ARM.Collect$$libinit$$00000002  c_w.l(libinit2.o)
    0x080001b0   0x00000000   Code   RO         3950    .ARM.Collect$$libinit$$00000004  c_w.l(libinit2.o)
    0x080001b0   0x00000000   Code   RO         3953    .ARM.Collect$$libinit$$0000000A  c_w.l(libinit2.o)
    0x080001b0   0x00000000   Code   RO         3955    .ARM.Collect$$libinit$$0000000C  c_w.l(libinit2.o)
    0x080001b0   0x00000000   Code   RO         3957    .ARM.Collect$$libinit$$0000000E  c_w.l(libinit2.o)
    0x080001b0   0x00000000   Code   RO         3960    .ARM.Collect$$libinit$$00000011  c_w.l(libinit2.o)
    0x080001b0   0x00000000   Code   RO         3962    .ARM.Collect$$libinit$$00000013  c_w.l(libinit2.o)
    0x080001b0   0x00000000   Code   RO         3964    .ARM.Collect$$libinit$$00000015  c_w.l(libinit2.o)
    0x080001b0   0x00000000   Code   RO         3966    .ARM.Collect$$libinit$$00000017  c_w.l(libinit2.o)
    0x080001b0   0x00000000   Code   RO         3968    .ARM.Collect$$libinit$$00000019  c_w.l(libinit2.o)
    0x080001b0   0x00000000   Code   RO         3970    .ARM.Collect$$libinit$$0000001B  c_w.l(libinit2.o)
    0x080001b0   0x00000000   Code   RO         3972    .ARM.Collect$$libinit$$0000001D  c_w.l(libinit2.o)
    0x080001b0   0x00000000   Code   RO         3974    .ARM.Collect$$libinit$$0000001F  c_w.l(libinit2.o)
    0x080001b0   0x00000000   Code   RO         3976    .ARM.Collect$$libinit$$00000021  c_w.l(libinit2.o)
    0x080001b0   0x00000000   Code   RO         3978    .ARM.Collect$$libinit$$00000023  c_w.l(libinit2.o)
    0x080001b0   0x00000000   Code   RO         3980    .ARM.Collect$$libinit$$00000025  c_w.l(libinit2.o)
    0x080001b0   0x00000000   Code   RO         3984    .ARM.Collect$$libinit$$0000002C  c_w.l(libinit2.o)
    0x080001b0   0x00000000   Code   RO         3986    .ARM.Collect$$libinit$$0000002E  c_w.l(libinit2.o)
    0x080001b0   0x00000000   Code   RO         3988    .ARM.Collect$$libinit$$00000030  c_w.l(libinit2.o)
    0x080001b0   0x00000000   Code   RO         3990    .ARM.Collect$$libinit$$00000032  c_w.l(libinit2.o)
    0x080001b0   0x00000002   Code   RO         3991    .ARM.Collect$$libinit$$00000033  c_w.l(libinit2.o)
    0x080001b2   0x00000002   Code   RO         4009    .ARM.Collect$$libshutdown$$00000000  c_w.l(libshutdown.o)
    0x080001b4   0x00000000   Code   RO         4019    .ARM.Collect$$libshutdown$$00000002  c_w.l(libshutdown2.o)
    0x080001b4   0x00000000   Code   RO         4021    .ARM.Collect$$libshutdown$$00000004  c_w.l(libshutdown2.o)
    0x080001b4   0x00000000   Code   RO         4024    .ARM.Collect$$libshutdown$$00000007  c_w.l(libshutdown2.o)
    0x080001b4   0x00000000   Code   RO         4027    .ARM.Collect$$libshutdown$$0000000A  c_w.l(libshutdown2.o)
    0x080001b4   0x00000000   Code   RO         4029    .ARM.Collect$$libshutdown$$0000000C  c_w.l(libshutdown2.o)
    0x080001b4   0x00000000   Code   RO         4032    .ARM.Collect$$libshutdown$$0000000F  c_w.l(libshutdown2.o)
    0x080001b4   0x00000002   Code   RO         4033    .ARM.Collect$$libshutdown$$00000010  c_w.l(libshutdown2.o)
    0x080001b6   0x00000000   Code   RO         3903    .ARM.Collect$$rtentry$$00000000  c_w.l(__rtentry.o)
    0x080001b6   0x00000000   Code   RO         3910    .ARM.Collect$$rtentry$$00000002  c_w.l(__rtentry2.o)
    0x080001b6   0x00000006   Code   RO         3922    .ARM.Collect$$rtentry$$00000004  c_w.l(__rtentry4.o)
    0x080001bc   0x00000000   Code   RO         3912    .ARM.Collect$$rtentry$$00000009  c_w.l(__rtentry2.o)
    0x080001bc   0x00000004   Code   RO         3913    .ARM.Collect$$rtentry$$0000000A  c_w.l(__rtentry2.o)
    0x080001c0   0x00000000   Code   RO         3915    .ARM.Collect$$rtentry$$0000000C  c_w.l(__rtentry2.o)
    0x080001c0   0x00000008   Code   RO         3916    .ARM.Collect$$rtentry$$0000000D  c_w.l(__rtentry2.o)
    0x080001c8   0x00000002   Code   RO         3945    .ARM.Collect$$rtexit$$00000000  c_w.l(rtexit.o)
    0x080001ca   0x00000000   Code   RO         3993    .ARM.Collect$$rtexit$$00000002  c_w.l(rtexit2.o)
    0x080001ca   0x00000004   Code   RO         3994    .ARM.Collect$$rtexit$$00000003  c_w.l(rtexit2.o)
    0x080001ce   0x00000006   Code   RO         3995    .ARM.Collect$$rtexit$$00000004  c_w.l(rtexit2.o)
    0x080001d4   0x00000040   Code   RO          395  * .text               startup_stm32f10x_hd.o
    0x08000214   0x00000002   Code   RO         3865    .text               c_w.l(use_no_semi_2.o)
    0x08000216   0x00000002   PAD
    0x08000218   0x00000018   Code   RO         3869    .text               c_w.l(noretval__2printf.o)
    0x08000230   0x00000068   Code   RO         3871    .text               c_w.l(__printf.o)
    0x08000298   0x00000078   Code   RO         3873    .text               c_w.l(_printf_dec.o)
    0x08000310   0x00000006   Code   RO         3897    .text               c_w.l(heapauxi.o)
    0x08000316   0x00000002   Code   RO         3901    .text               c_w.l(use_no_semi.o)
    0x08000318   0x000000b2   Code   RO         3904    .text               c_w.l(_printf_intcommon.o)
    0x080003ca   0x00000002   PAD
    0x080003cc   0x00000024   Code   RO         3906    .text               c_w.l(_printf_char_file.o)
    0x080003f0   0x00000030   Code   RO         3924    .text               c_w.l(_printf_char_common.o)
    0x08000420   0x00000008   Code   RO         3926    .text               c_w.l(ferror.o)
    0x08000428   0x0000004a   Code   RO         3930    .text               c_w.l(sys_stackheap_outer.o)
    0x08000472   0x00000012   Code   RO         3934    .text               c_w.l(exit.o)
    0x08000484   0x00000008   Code   RO         3942    .text               c_w.l(libspace.o)
    0x0800048c   0x00000016   Code   RO          441    i.ADC_Cmd           stm32f10x_adc.o
    0x080004a2   0x00000002   PAD
    0x080004a4   0x0000005c   Code   RO          443    i.ADC_DeInit        stm32f10x_adc.o
    0x08000500   0x00000014   Code   RO          449    i.ADC_GetCalibrationStatus  stm32f10x_adc.o
    0x08000514   0x00000008   Code   RO          450    i.ADC_GetConversionValue  stm32f10x_adc.o
    0x0800051c   0x00000012   Code   RO          452    i.ADC_GetFlagStatus  stm32f10x_adc.o
    0x0800052e   0x00000014   Code   RO          455    i.ADC_GetResetCalibrationStatus  stm32f10x_adc.o
    0x08000542   0x00000002   PAD
    0x08000544   0x00000050   Code   RO          459    i.ADC_Init          stm32f10x_adc.o
    0x08000594   0x000000b8   Code   RO          463    i.ADC_RegularChannelConfig  stm32f10x_adc.o
    0x0800064c   0x0000000a   Code   RO          464    i.ADC_ResetCalibration  stm32f10x_adc.o
    0x08000656   0x00000016   Code   RO          466    i.ADC_SoftwareStartConvCmd  stm32f10x_adc.o
    0x0800066c   0x0000000a   Code   RO          468    i.ADC_StartCalibration  stm32f10x_adc.o
    0x08000676   0x00000002   PAD
    0x08000678   0x00000050   Code   RO         3366    i.ADXL345_IICAck    adxl345_iic.o
    0x080006c8   0x00000050   Code   RO         3367    i.ADXL345_IICNAck   adxl345_iic.o
    0x08000718   0x00000048   Code   RO         3368    i.ADXL345_IICRevAck  adxl345_iic.o
    0x08000760   0x0000004c   Code   RO         3369    i.ADXL345_IICStart  adxl345_iic.o
    0x080007ac   0x0000004c   Code   RO         3370    i.ADXL345_IICStop   adxl345_iic.o
    0x080007f8   0x00000060   Code   RO         3371    i.ADXL345_IIC_ReadByte  adxl345_iic.o
    0x08000858   0x0000006c   Code   RO         3372    i.ADXL345_IIC_SendByte  adxl345_iic.o
    0x080008c4   0x00000034   Code   RO         3628    i.BEEP_Init         beep.o
    0x080008f8   0x00000004   Code   RO          196    i.BusFault_Handler  stm32f10x_it.o
    0x080008fc   0x00000024   Code   RO         3586    i.Car_Stop          l298p.o
    0x08000920   0x00000002   Code   RO          197    i.DebugMon_Handler  stm32f10x_it.o
    0x08000922   0x00000002   PAD
    0x08000924   0x00000028   Code   RO         3587    i.GO_Back           l298p.o
    0x0800094c   0x00000028   Code   RO         3588    i.GO_Forward        l298p.o
    0x08000974   0x00000116   Code   RO         1550    i.GPIO_Init         stm32f10x_gpio.o
    0x08000a8a   0x00000002   PAD
    0x08000a8c   0x00000090   Code   RO         1552    i.GPIO_PinRemapConfig  stm32f10x_gpio.o
    0x08000b1c   0x00000012   Code   RO         1554    i.GPIO_ReadInputDataBit  stm32f10x_gpio.o
    0x08000b2e   0x00000004   Code   RO         1557    i.GPIO_ResetBits    stm32f10x_gpio.o
    0x08000b32   0x00000004   Code   RO         1558    i.GPIO_SetBits      stm32f10x_gpio.o
    0x08000b36   0x00000002   PAD
    0x08000b38   0x00000034   Code   RO         3640    i.Get_Adc           mq-135.o
    0x08000b6c   0x0000002e   Code   RO         3641    i.Get_Adc_Average   mq-135.o
    0x08000b9a   0x00000004   Code   RO          198    i.HardFault_Handler  stm32f10x_it.o
    0x08000b9e   0x0000002a   Code   RO         1661    i.I2C_CheckEvent    stm32f10x_i2c.o
    0x08000bc8   0x00000018   Code   RO         1664    i.I2C_Cmd           stm32f10x_i2c.o
    0x08000be0   0x00000084   Code   RO         3479    i.I2C_Configuration  oled_i2c.o
    0x08000c64   0x00000038   Code   RO         1667    i.I2C_DeInit        stm32f10x_i2c.o
    0x08000c9c   0x00000018   Code   RO         1671    i.I2C_GenerateSTART  stm32f10x_i2c.o
    0x08000cb4   0x00000018   Code   RO         1672    i.I2C_GenerateSTOP  stm32f10x_i2c.o
    0x08000ccc   0x0000003a   Code   RO         1673    i.I2C_GetFlagStatus  stm32f10x_i2c.o
    0x08000d06   0x00000002   PAD
    0x08000d08   0x000000ec   Code   RO         1678    i.I2C_Init          stm32f10x_i2c.o
    0x08000df4   0x00000012   Code   RO         1685    i.I2C_Send7bitAddress  stm32f10x_i2c.o
    0x08000e06   0x00000004   Code   RO         1686    i.I2C_SendData      stm32f10x_i2c.o
    0x08000e0a   0x00000002   PAD
    0x08000e0c   0x000000b0   Code   RO         3480    i.I2C_WriteByte     oled_i2c.o
    0x08000ebc   0x00000038   Code   RO         3373    i.IIC_Init          adxl345_iic.o
    0x08000ef4   0x00000040   Code   RO         3374    i.Init_ADXL345      adxl345_iic.o
    0x08000f34   0x0000003c   Code   RO         3448    i.KEY_Init          key.o
    0x08000f70   0x000000e4   Code   RO         3449    i.KEY_Scan          key.o
    0x08001054   0x00000030   Code   RO         3589    i.L298P_Init        l298p.o
    0x08001084   0x0000004c   Code   RO         3467    i.LED_Init          led.o
    0x080010d0   0x00000028   Code   RO         3590    i.L_Circle          l298p.o
    0x080010f8   0x0000008c   Code   RO         3642    i.MQ135_Init        mq-135.o
    0x08001184   0x00000004   Code   RO          199    i.MemManage_Handler  stm32f10x_it.o
    0x08001188   0x00000084   Code   RO         3375    i.Multiple_read_ADXL345  adxl345_iic.o
    0x0800120c   0x00000002   Code   RO          200    i.NMI_Handler       stm32f10x_it.o
    0x0800120e   0x00000002   PAD
    0x08001210   0x00000050   Code   RO         3706    i.NRF24L01_Check    24l01.o
    0x08001260   0x000000dc   Code   RO         3707    i.NRF24L01_Init     24l01.o
    0x0800133c   0x00000058   Code   RO         3708    i.NRF24L01_RX_Mode  24l01.o
    0x08001394   0x0000003c   Code   RO         3709    i.NRF24L01_Read_Buf  24l01.o
    0x080013d0   0x0000002c   Code   RO         3710    i.NRF24L01_Read_Reg  24l01.o
    0x080013fc   0x0000003a   Code   RO         3711    i.NRF24L01_RxPacket  24l01.o
    0x08001436   0x00000002   PAD
    0x08001438   0x00000068   Code   RO         3712    i.NRF24L01_TX_Mode  24l01.o
    0x080014a0   0x00000068   Code   RO         3713    i.NRF24L01_TxPacket  24l01.o
    0x08001508   0x0000003c   Code   RO         3714    i.NRF24L01_Write_Buf  24l01.o
    0x08001544   0x00000030   Code   RO         3715    i.NRF24L01_Write_Reg  24l01.o
    0x08001574   0x00000070   Code   RO          399    i.NVIC_Init         misc.o
    0x080015e4   0x00000014   Code   RO          400    i.NVIC_PriorityGroupConfig  misc.o
    0x080015f8   0x0000003a   Code   RO         3483    i.OLED_Fill         oled_i2c.o
    0x08001632   0x000000b2   Code   RO         3484    i.OLED_Init         oled_i2c.o
    0x080016e4   0x00000028   Code   RO         3488    i.OLED_SetPos       oled_i2c.o
    0x0800170c   0x000000ec   Code   RO         3490    i.OLED_ShowStr      oled_i2c.o
    0x080017f8   0x00000002   Code   RO          201    i.PendSV_Handler    stm32f10x_it.o
    0x080017fa   0x00000002   PAD
    0x080017fc   0x00000018   Code   RO         1964    i.RCC_ADCCLKConfig  stm32f10x_rcc.o
    0x08001814   0x00000020   Code   RO         1966    i.RCC_APB1PeriphClockCmd  stm32f10x_rcc.o
    0x08001834   0x00000020   Code   RO         1967    i.RCC_APB1PeriphResetCmd  stm32f10x_rcc.o
    0x08001854   0x00000020   Code   RO         1968    i.RCC_APB2PeriphClockCmd  stm32f10x_rcc.o
    0x08001874   0x00000020   Code   RO         1969    i.RCC_APB2PeriphResetCmd  stm32f10x_rcc.o
    0x08001894   0x000000d4   Code   RO         1976    i.RCC_GetClocksFreq  stm32f10x_rcc.o
    0x08001968   0x00000028   Code   RO         3591    i.R_Circle          l298p.o
    0x08001990   0x00000094   Code   RO         3778    i.SPI2_Init         spi.o
    0x08001a24   0x00000054   Code   RO         3779    i.SPI2_ReadWriteByte  spi.o
    0x08001a78   0x00000028   Code   RO         3780    i.SPI2_SetSpeed     spi.o
    0x08001aa0   0x00000018   Code   RO         2445    i.SPI_Cmd           stm32f10x_spi.o
    0x08001ab8   0x00000012   Code   RO         2453    i.SPI_I2S_GetFlagStatus  stm32f10x_spi.o
    0x08001aca   0x00000006   Code   RO         2456    i.SPI_I2S_ReceiveData  stm32f10x_spi.o
    0x08001ad0   0x00000004   Code   RO         2457    i.SPI_I2S_SendData  stm32f10x_spi.o
    0x08001ad4   0x0000003c   Code   RO         2458    i.SPI_Init          stm32f10x_spi.o
    0x08001b10   0x00000002   Code   RO          202    i.SVC_Handler       stm32f10x_it.o
    0x08001b12   0x00000008   Code   RO            1    i.SetSysClock       system_stm32f10x.o
    0x08001b1a   0x00000002   PAD
    0x08001b1c   0x000000e0   Code   RO            2    i.SetSysClockTo72   system_stm32f10x.o
    0x08001bfc   0x00000022   Code   RO         3377    i.Single_write_ADXL345  adxl345_iic.o
    0x08001c1e   0x00000028   Code   RO          403    i.SysTick_CLKSourceConfig  misc.o
    0x08001c46   0x00000002   Code   RO          203    i.SysTick_Handler   stm32f10x_it.o
    0x08001c48   0x00000060   Code   RO            4    i.SystemInit        system_stm32f10x.o
    0x08001ca8   0x0000003c   Code   RO         3842    i.TIM2_IRQHandler   time.o
    0x08001ce4   0x0000005c   Code   RO         3843    i.TIM2_Int_Init     time.o
    0x08001d40   0x00000006   Code   RO         2595    i.TIM_ClearITPendingBit  stm32f10x_tim.o
    0x08001d46   0x00000018   Code   RO         2600    i.TIM_Cmd           stm32f10x_tim.o
    0x08001d5e   0x00000022   Code   RO         2621    i.TIM_GetITStatus   stm32f10x_tim.o
    0x08001d80   0x00000012   Code   RO         2625    i.TIM_ITConfig      stm32f10x_tim.o
    0x08001d92   0x00000002   PAD
    0x08001d94   0x000000a4   Code   RO         2671    i.TIM_TimeBaseInit  stm32f10x_tim.o
    0x08001e38   0x00000114   Code   RO          340    i.USART1_IRQHandler  usart.o
    0x08001f4c   0x00000018   Code   RO         3136    i.USART_Cmd         stm32f10x_usart.o
    0x08001f64   0x00000054   Code   RO         3140    i.USART_GetITStatus  stm32f10x_usart.o
    0x08001fb8   0x0000004a   Code   RO         3142    i.USART_ITConfig    stm32f10x_usart.o
    0x08002002   0x00000002   PAD
    0x08002004   0x000000d8   Code   RO         3143    i.USART_Init        stm32f10x_usart.o
    0x080020dc   0x0000000a   Code   RO         3150    i.USART_ReceiveData  stm32f10x_usart.o
    0x080020e6   0x00000004   Code   RO          204    i.UsageFault_Handler  stm32f10x_it.o
    0x080020ea   0x0000000e   Code   RO         3492    i.WriteCmd          oled_i2c.o
    0x080020f8   0x0000000e   Code   RO         3493    i.WriteDat          oled_i2c.o
    0x08002106   0x00000006   Code   RO          341    i._sys_exit         usart.o
    0x0800210c   0x000001f4   Code   RO          119    i.all_init          main.o
    0x08002300   0x00000044   Code   RO          259    i.delay_init        delay.o
    0x08002344   0x0000004c   Code   RO          260    i.delay_ms          delay.o
    0x08002390   0x0000004c   Code   RO          261    i.delay_us          delay.o
    0x080023dc   0x0000001c   Code   RO          342    i.fputc             usart.o
    0x080023f8   0x0000002c   Code   RO         3808    i.get_message       task.o
    0x08002424   0x00000024   Code   RO          120    i.main              main.o
    0x08002448   0x000006e4   Code   RO         3810    i.nrf_task          task.o
    0x08002b2c   0x000000a0   Code   RO          343    i.uart_init         usart.o
    0x08002bcc   0x00000818   Data   RO         3494    .constdata          oled_i2c.o
    0x080033e4   0x0000000a   Data   RO         3716    .constdata          24l01.o
    0x080033ee   0x00000002   PAD
    0x080033f0   0x00000020   Data   RO         4065    Region$$Table       anon$$obj.o


    Execution Region ER_RW (Base: 0x20000000, Size: 0x00000054, Max: 0xffffffff, ABSOLUTE)

    Base Addr    Size         Type   Attr      Idx    E Section Name        Object

    0x20000000   0x00000014   Data   RW            5    .data               system_stm32f10x.o
    0x20000014   0x00000003   Data   RW          122    .data               main.o
    0x20000017   0x00000001   PAD
    0x20000018   0x00000004   Data   RW          262    .data               delay.o
    0x2000001c   0x00000009   Data   RW          345    .data               usart.o
    0x20000025   0x00000014   Data   RW         1996    .data               stm32f10x_rcc.o
    0x20000039   0x00000001   Data   RW         3450    .data               key.o
    0x2000003a   0x00000012   Data   RW         3812    .data               task.o
    0x2000004c   0x00000006   Data   RW         3844    .data               time.o


    Execution Region ER_ZI (Base: 0x20000054, Size: 0x00000694, Max: 0xffffffff, ABSOLUTE)

    Base Addr    Size         Type   Attr      Idx    E Section Name        Object

    0x20000054   0x00000032   Zero   RW          121    .bss                main.o
    0x20000086   0x00000002   PAD
    0x20000088   0x00000060   Zero   RW         3943    .bss                c_w.l(libspace.o)
    0x200000e8   0x00000200   Zero   RW          393    HEAP                startup_stm32f10x_hd.o
    0x200002e8   0x00000400   Zero   RW          392    STACK               startup_stm32f10x_hd.o


==============================================================================

Image component sizes


      Code (inc. data)   RO Data    RW Data    ZI Data      Debug   Object Name

       866         96         10          0          0       6777   24l01.o
       874        100          0          0          0       6367   adxl345_iic.o
        52          8          0          0          0        480   beep.o
       220         26          0          4          0     215439   delay.o
       288         16          0          1          0       1170   key.o
       244         52          0          0          0       2597   l298p.o
        76          8          0          0          0        487   led.o
       536        304          0          3         50       2603   main.o
       172         22          0          0          0       1997   misc.o
       238         14          0          0          0       1757   mq-135.o
       848         54       2072          0          0       5456   oled_i2c.o
       272         18          0          0          0       1745   spi.o
        64         26        304          0       1536        784   startup_stm32f10x_hd.o
       486         24          0          0          0       8422   stm32f10x_adc.o
       448          6          0          0          0       4406   stm32f10x_gpio.o
       486         20          0          0          0       7003   stm32f10x_i2c.o
        26          0          0          0          0       3570   stm32f10x_it.o
       364         50          0         20          0       6011   stm32f10x_rcc.o
       112          0          0          0          0       3746   stm32f10x_spi.o
       246         42          0          0          0       3458   stm32f10x_tim.o
       408          6          0          0          0       4910   stm32f10x_usart.o
         0          0          0          0          0         32   sys.o
       328         28          0         20          0     267889   system_stm32f10x.o
      1808        402          0         18          0       3163   task.o
       152          4          0          6          0       1663   time.o
       470         28          0          9          0       4315   usart.o

    ----------------------------------------------------------------------
     10112       1354       2420         84       1588     566247   Object Totals
         0          0         32          0          0          0   (incl. Generated)
        28          0          2          3          2          0   (incl. Padding)

    ----------------------------------------------------------------------

      Code (inc. data)   RO Data    RW Data    ZI Data      Debug   Library Member Name

         8          0          0          0          0         68   __main.o
       104          0          0          0          0         84   __printf.o
         0          0          0          0          0          0   __rtentry.o
        12          0          0          0          0          0   __rtentry2.o
         6          0          0          0          0          0   __rtentry4.o
        52          8          0          0          0          0   __scatter.o
        26          0          0          0          0          0   __scatter_copy.o
        28          0          0          0          0          0   __scatter_zi.o
        48          6          0          0          0         96   _printf_char_common.o
        36          4          0          0          0         80   _printf_char_file.o
         6          0          0          0          0          0   _printf_d.o
       120         16          0          0          0         92   _printf_dec.o
       178          0          0          0          0         88   _printf_intcommon.o
         0          0          0          0          0          0   _printf_percent.o
         4          0          0          0          0          0   _printf_percent_end.o
        18          0          0          0          0         80   exit.o
         8          0          0          0          0         68   ferror.o
         6          0          0          0          0        152   heapauxi.o
         2          0          0          0          0          0   libinit.o
         2          0          0          0          0          0   libinit2.o
         2          0          0          0          0          0   libshutdown.o
         2          0          0          0          0          0   libshutdown2.o
         8          4          0          0         96         68   libspace.o
        24          4          0          0          0         84   noretval__2printf.o
         2          0          0          0          0          0   rtexit.o
        10          0          0          0          0          0   rtexit2.o
        74          0          0          0          0         80   sys_stackheap_outer.o
         2          0          0          0          0         68   use_no_semi.o
         2          0          0          0          0         68   use_no_semi_2.o

    ----------------------------------------------------------------------
       796         42          0          0         96       1176   Library Totals
         6          0          0          0          0          0   (incl. Padding)

    ----------------------------------------------------------------------

      Code (inc. data)   RO Data    RW Data    ZI Data      Debug   Library Name

       790         42          0          0         96       1176   c_w.l

    ----------------------------------------------------------------------
       796         42          0          0         96       1176   Library Totals

    ----------------------------------------------------------------------

==============================================================================


      Code (inc. data)   RO Data    RW Data    ZI Data      Debug   

     10908       1396       2420         84       1684     560919   Grand Totals
     10908       1396       2420         84       1684     560919   ELF Image Totals
     10908       1396       2420         84          0          0   ROM Totals

==============================================================================

    Total RO  Size (Code + RO Data)                13328 (  13.02kB)
    Total RW  Size (RW Data + ZI Data)              1768 (   1.73kB)
    Total ROM Size (Code + RO Data + RW Data)      13412 (  13.10kB)

==============================================================================

